2026-07-16 18:54:11,607 INFO [sys_03_3x]                 Book.java:560  | 1 sheet in /home/flautisc0/athamu_workspace/violin1_crop_ready/sys_03_3x.png
2026-07-16 18:54:11,664 INFO []                 Book.java:2565 | Stored /book.xml
2026-07-16 18:54:11,665 INFO []                 Book.java:2525 | Book stored as /home/flautisc0/athamu_workspace/violin1_sys_out/sys_03_3x.omr
2026-07-16 18:54:11,666 INFO []                 Book.java:1929 | Book reaching PAGE on sheets:[#1]
2026-07-16 18:54:11,666 INFO [sys_03_3x]       StepMonitoring.java:98   | LOAD
2026-07-16 18:54:11,704 INFO [sys_03_3x]            SheetStub.java:1278 | Loaded image #1 1758x390 from /home/flautisc0/athamu_workspace/violin1_crop_ready/sys_03_3x.png
2026-07-16 18:54:11,704 INFO [sys_03_3x]            ImageUtil.java:152  | Converting max RGB to gray
2026-07-16 18:54:11,736 INFO [sys_03_3x]                 Book.java:2565 | Stored /book.xml
2026-07-16 18:54:11,819 INFO [sys_03_3x]           DataHolder.java:348  | Stored /sheet#1/GRAY.png
2026-07-16 18:54:11,821 INFO [sys_03_3x]                Sheet.java:1583 | Stored /sheet#1/sheet#1.xml
2026-07-16 18:54:11,822 INFO [sys_03_3x]       StepMonitoring.java:98   | BINARY
2026-07-16 18:54:11,936 INFO [sys_03_3x]                 Book.java:2565 | Stored /book.xml
2026-07-16 18:54:11,937 INFO [sys_03_3x]           DataHolder.java:256  | Removed /sheet#1/GRAY.png
2026-07-16 18:54:11,949 INFO [sys_03_3x]           DataHolder.java:348  | Stored /sheet#1/BINARY.png
2026-07-16 18:54:11,950 INFO [sys_03_3x]                Sheet.java:1583 | Stored /sheet#1/sheet#1.xml
2026-07-16 18:54:11,951 INFO [sys_03_3x]       StepMonitoring.java:98   | SCALE
2026-07-16 18:54:11,963 INFO [sys_03_3x]         ScaleBuilder.java:254  | Beam  guessed height:  8 -- 0.25 of [6..12] range
2026-07-16 18:54:11,963 INFO [sys_03_3x]         ScaleBuilder.java:271  | Beam measured height:  9 -- 0.50 of [6..12] range at 268% of needed quorum
2026-07-16 18:54:11,963 INFO [sys_03_3x]         ScaleBuilder.java:401  | Normalized black jitter: 30.77 %
2026-07-16 18:54:11,963 INFO [sys_03_3x]            ScaleStep.java:65   | Scale{ interline(11,13,15) line(2,4,6) beam(9)}
2026-07-16 18:54:11,965 INFO [sys_03_3x]                 Book.java:2565 | Stored /book.xml
2026-07-16 18:54:11,966 INFO [sys_03_3x]                Sheet.java:1583 | Stored /sheet#1/sheet#1.xml
2026-07-16 18:54:11,967 INFO [sys_03_3x]       StepMonitoring.java:98   | GRID
2026-07-16 18:54:12,322 INFO [sys_03_3x]       LinesRetriever.java:1508 | Global slope: 0.01424
2026-07-16 18:54:12,342 INFO [sys_03_3x]    ClustersRetriever.java:326  | Retrieved raw line clusters: 3 of sizes [5] with interline(11,13,15)
2026-07-16 18:54:12,420 INFO [sys_03_3x]            PeakGraph.java:310  | Systems: #1[1] #2[2] #3[3]
2026-07-16 18:54:12,678 INFO [sys_03_3x]        SystemManager.java:800  | 1 part along 3 systems
2026-07-16 18:54:12,678 INFO [sys_03_3x]                 Book.java:543  | Created scores: [{Score 1}]
2026-07-16 18:54:12,681 INFO [sys_03_3x]                 Book.java:2565 | Stored /book.xml
2026-07-16 18:54:12,772 INFO [sys_03_3x]                Sheet.java:1583 | Stored /sheet#1/sheet#1.xml
2026-07-16 18:54:12,774 INFO [sys_03_3x]       StepMonitoring.java:98   | HEADERS
2026-07-16 18:54:13,421 INFO [sys_03_3x]                 Book.java:2565 | Stored /book.xml
2026-07-16 18:54:13,549 INFO [sys_03_3x]                Sheet.java:1583 | Stored /sheet#1/sheet#1.xml
2026-07-16 18:54:13,550 INFO [sys_03_3x]       StepMonitoring.java:98   | STEM_SEEDS
2026-07-16 18:54:13,564 INFO [sys_03_3x]        StemSeedsStep.java:86   | stem(5 max:6)
2026-07-16 18:54:13,582 INFO [sys_03_3x]                 Book.java:2565 | Stored /book.xml
2026-07-16 18:54:13,744 INFO [sys_03_3x]                Sheet.java:1583 | Stored /sheet#1/sheet#1.xml
2026-07-16 18:54:13,745 INFO [sys_03_3x]       StepMonitoring.java:98   | BEAMS
2026-07-16 18:54:14,317 INFO [sys_03_3x]                 Book.java:2565 | Stored /book.xml
2026-07-16 18:54:14,326 INFO [sys_03_3x]           DataHolder.java:348  | Stored /sheet#1/HEAD_SPOTS.png
2026-07-16 18:54:14,630 INFO [sys_03_3x]                Sheet.java:1583 | Stored /sheet#1/sheet#1.xml
2026-07-16 18:54:14,632 INFO [sys_03_3x]       StepMonitoring.java:98   | LEDGERS
2026-07-16 18:54:14,746 INFO [sys_03_3x]                 Book.java:2565 | Stored /book.xml
2026-07-16 18:54:15,107 INFO [sys_03_3x]                Sheet.java:1583 | Stored /sheet#1/sheet#1.xml
2026-07-16 18:54:15,109 INFO [sys_03_3x]       StepMonitoring.java:98   | HEADS
2026-07-16 18:54:18,239 INFO [sys_03_3x]        HeadSeedTally.java:235  | Scale information: HeadSeeds{NOTEHEAD_VOID[L:-0.5,R:-0.1] NOTEHEAD_BLACK[L:-0.3,R:0.4]}
2026-07-16 18:54:18,241 INFO [sys_03_3x]                 Book.java:2565 | Stored /book.xml
2026-07-16 18:54:18,242 INFO [sys_03_3x]           DataHolder.java:256  | Removed /sheet#1/HEAD_SPOTS.png
2026-07-16 18:54:18,873 INFO [sys_03_3x]                Sheet.java:1583 | Stored /sheet#1/sheet#1.xml
2026-07-16 18:54:18,874 INFO [sys_03_3x]       StepMonitoring.java:98   | STEMS
2026-07-16 18:54:26,728 INFO [sys_03_3x]                 Book.java:2565 | Stored /book.xml
2026-07-16 18:54:27,878 INFO [sys_03_3x]                Sheet.java:1583 | Stored /sheet#1/sheet#1.xml
2026-07-16 18:54:27,879 INFO [sys_03_3x]       StepMonitoring.java:98   | REDUCTION
