2026-07-16 18:56:59,063 INFO [sys_05_3x]                 Book.java:560  | 1 sheet in /home/flautisc0/athamu_workspace/violin1_crop_ready/sys_05_3x.png
2026-07-16 18:56:59,123 INFO []                 Book.java:2565 | Stored /book.xml
2026-07-16 18:56:59,124 INFO []                 Book.java:2525 | Book stored as /home/flautisc0/athamu_workspace/violin1_sys_out/sys_05_3x.omr
2026-07-16 18:56:59,124 INFO []                 Book.java:1929 | Book reaching PAGE on sheets:[#1]
2026-07-16 18:56:59,125 INFO [sys_05_3x]       StepMonitoring.java:98   | LOAD
2026-07-16 18:56:59,162 INFO [sys_05_3x]            SheetStub.java:1278 | Loaded image #1 1758x420 from /home/flautisc0/athamu_workspace/violin1_crop_ready/sys_05_3x.png
2026-07-16 18:56:59,162 INFO [sys_05_3x]            ImageUtil.java:152  | Converting max RGB to gray
2026-07-16 18:56:59,183 INFO [sys_05_3x]                 Book.java:2565 | Stored /book.xml
2026-07-16 18:56:59,260 INFO [sys_05_3x]           DataHolder.java:348  | Stored /sheet#1/GRAY.png
2026-07-16 18:56:59,261 INFO [sys_05_3x]                Sheet.java:1583 | Stored /sheet#1/sheet#1.xml
2026-07-16 18:56:59,262 INFO [sys_05_3x]       StepMonitoring.java:98   | BINARY
2026-07-16 18:56:59,376 INFO [sys_05_3x]                 Book.java:2565 | Stored /book.xml
2026-07-16 18:56:59,376 INFO [sys_05_3x]           DataHolder.java:256  | Removed /sheet#1/GRAY.png
2026-07-16 18:56:59,389 INFO [sys_05_3x]           DataHolder.java:348  | Stored /sheet#1/BINARY.png
2026-07-16 18:56:59,390 INFO [sys_05_3x]                Sheet.java:1583 | Stored /sheet#1/sheet#1.xml
2026-07-16 18:56:59,391 INFO [sys_05_3x]       StepMonitoring.java:98   | SCALE
2026-07-16 18:56:59,394 INFO [sys_05_3x]         ScaleBuilder.java:254  | Beam  guessed height:  8 -- 0.25 of [6..12] range
2026-07-16 18:56:59,395 INFO [sys_05_3x]         ScaleBuilder.java:271  | Beam measured height:  9 -- 0.50 of [6..12] range at 154% of needed quorum
2026-07-16 18:56:59,395 INFO [sys_05_3x]         ScaleBuilder.java:401  | Normalized black jitter: 30.77 %
2026-07-16 18:56:59,395 INFO [sys_05_3x]            ScaleStep.java:65   | Scale{ interline(11,13,15) line(2,4,6) beam(9)}
2026-07-16 18:56:59,396 INFO [sys_05_3x]                 Book.java:2565 | Stored /book.xml
2026-07-16 18:56:59,397 INFO [sys_05_3x]                Sheet.java:1583 | Stored /sheet#1/sheet#1.xml
2026-07-16 18:56:59,398 INFO [sys_05_3x]       StepMonitoring.java:98   | GRID
2026-07-16 18:56:59,812 INFO [sys_05_3x]       LinesRetriever.java:1508 | Global slope: 0.02810
2026-07-16 18:56:59,830 INFO [sys_05_3x]    ClustersRetriever.java:326  | Retrieved raw line clusters: 3 of sizes [5] with interline(11,13,15)
2026-07-16 18:56:59,888 INFO [sys_05_3x]            PeakGraph.java:310  | Systems: #1[1] #2[2] #3[3]
2026-07-16 18:57:00,128 INFO [sys_05_3x]        SystemManager.java:134  | Indentation detected for system #2
2026-07-16 18:57:00,128 INFO [sys_05_3x]        SystemManager.java:744  | 2 pages found in sheet
2026-07-16 18:57:00,129 INFO [sys_05_3x]        SystemManager.java:800  | Page #1: 1 part along 1 system
2026-07-16 18:57:00,129 INFO [sys_05_3x]        SystemManager.java:800  | Page #2: 1 part along 2 systems
2026-07-16 18:57:00,129 INFO [sys_05_3x]                 Book.java:543  | Created scores: [{Score 1}, {Score 2}]
2026-07-16 18:57:00,131 INFO [sys_05_3x]                 Book.java:2565 | Stored /book.xml
2026-07-16 18:57:00,218 INFO [sys_05_3x]                Sheet.java:1583 | Stored /sheet#1/sheet#1.xml
2026-07-16 18:57:00,219 INFO [sys_05_3x]       StepMonitoring.java:98   | HEADERS
2026-07-16 18:57:00,425 INFO [sys_05_3x]                 Book.java:2565 | Stored /book.xml
2026-07-16 18:57:00,531 INFO [sys_05_3x]                Sheet.java:1583 | Stored /sheet#1/sheet#1.xml
2026-07-16 18:57:00,533 INFO [sys_05_3x]       StepMonitoring.java:98   | STEM_SEEDS
2026-07-16 18:57:00,545 INFO [sys_05_3x]        StemSeedsStep.java:86   | stem(5 max:6)
2026-07-16 18:57:00,556 INFO [sys_05_3x]                 Book.java:2565 | Stored /book.xml
2026-07-16 18:57:00,695 INFO [sys_05_3x]                Sheet.java:1583 | Stored /sheet#1/sheet#1.xml
2026-07-16 18:57:00,696 INFO [sys_05_3x]       StepMonitoring.java:98   | BEAMS
2026-07-16 18:57:01,224 INFO [sys_05_3x]                 Book.java:2565 | Stored /book.xml
2026-07-16 18:57:01,234 INFO [sys_05_3x]           DataHolder.java:348  | Stored /sheet#1/HEAD_SPOTS.png
2026-07-16 18:57:01,487 INFO [sys_05_3x]                Sheet.java:1583 | Stored /sheet#1/sheet#1.xml
2026-07-16 18:57:01,488 INFO [sys_05_3x]       StepMonitoring.java:98   | LEDGERS
2026-07-16 18:57:01,546 INFO [sys_05_3x]                 Book.java:2565 | Stored /book.xml
2026-07-16 18:57:01,820 INFO [sys_05_3x]                Sheet.java:1583 | Stored /sheet#1/sheet#1.xml
2026-07-16 18:57:01,821 INFO [sys_05_3x]       StepMonitoring.java:98   | HEADS
2026-07-16 18:57:04,256 INFO [sys_05_3x]        HeadSeedTally.java:235  | Scale information: HeadSeeds{NOTEHEAD_VOID[L:-0.3] NOTEHEAD_BLACK[L:-0.2]}
2026-07-16 18:57:04,260 INFO [sys_05_3x]                 Book.java:2565 | Stored /book.xml
2026-07-16 18:57:04,260 INFO [sys_05_3x]           DataHolder.java:256  | Removed /sheet#1/HEAD_SPOTS.png
2026-07-16 18:57:05,010 INFO [sys_05_3x]                Sheet.java:1583 | Stored /sheet#1/sheet#1.xml
2026-07-16 18:57:05,012 INFO [sys_05_3x]       StepMonitoring.java:98   | STEMS
2026-07-16 18:57:05,556 INFO [sys_05_3x]                 Book.java:2565 | Stored /book.xml
2026-07-16 18:57:06,332 INFO [sys_05_3x]                Sheet.java:1583 | Stored /sheet#1/sheet#1.xml
2026-07-16 18:57:06,333 INFO [sys_05_3x]       StepMonitoring.java:98   | REDUCTION
2026-07-16 18:57:06,388 INFO [sys_05_3x]        ReductionStep.java:105  | Stems free length median value: 48 pixels, 3.7 interlines
2026-07-16 18:57:06,393 INFO [sys_05_3x]                 Book.java:2565 | Stored /book.xml
2026-07-16 18:57:06,583 INFO [sys_05_3x]                Sheet.java:1583 | Stored /sheet#1/sheet#1.xml
2026-07-16 18:57:06,585 INFO [sys_05_3x]       StepMonitoring.java:98   | CUE_BEAMS
2026-07-16 18:57:06,585 INFO [sys_05_3x]         CueBeamsStep.java:81   | Step CUE_BEAMS is skipped because small heads switch is off
2026-07-16 18:57:06,587 INFO [sys_05_3x]                 Book.java:2565 | Stored /book.xml
2026-07-16 18:57:06,772 INFO [sys_05_3x]                Sheet.java:1583 | Stored /sheet#1/sheet#1.xml
2026-07-16 18:57:06,773 INFO [sys_05_3x]       StepMonitoring.java:98   | TEXTS
2026-07-16 18:57:07,242 INFO [sys_05_3x]                 Book.java:2565 | Stored /book.xml
2026-07-16 18:57:07,429 INFO [sys_05_3x]                Sheet.java:1583 | Stored /sheet#1/sheet#1.xml
2026-07-16 18:57:07,430 INFO [sys_05_3x]       StepMonitoring.java:98   | MEASURES
2026-07-16 18:57:07,433 INFO [sys_05_3x]                 Page.java:307  | 6 raw measures: [6 in system#1]
2026-07-16 18:57:07,433 INFO [sys_05_3x]                 Page.java:307  | 12 raw measures: [3 in system#2, 9 in system#3]
2026-07-16 18:57:07,435 INFO [sys_05_3x]                 Book.java:2565 | Stored /book.xml
2026-07-16 18:57:07,617 INFO [sys_05_3x]                Sheet.java:1583 | Stored /sheet#1/sheet#1.xml
2026-07-16 18:57:07,618 INFO [sys_05_3x]       StepMonitoring.java:98   | CHORDS
2026-07-16 18:57:07,629 INFO [sys_05_3x]                 Book.java:2565 | Stored /book.xml
2026-07-16 18:57:07,846 INFO [sys_05_3x]                Sheet.java:1583 | Stored /sheet#1/sheet#1.xml
2026-07-16 18:57:07,847 INFO [sys_05_3x]       StepMonitoring.java:98   | CURVES
2026-07-16 18:57:08,250 INFO [sys_05_3x]         SlursBuilder.java:240  | Slurs: 5
2026-07-16 18:57:08,254 INFO [sys_05_3x]      SegmentsBuilder.java:155  | Segments: 3
2026-07-16 18:57:08,256 INFO [sys_05_3x]                 Book.java:2565 | Stored /book.xml
2026-07-16 18:57:08,512 INFO [sys_05_3x]                Sheet.java:1583 | Stored /sheet#1/sheet#1.xml
2026-07-16 18:57:08,513 INFO [sys_05_3x]       StepMonitoring.java:98   | SYMBOLS
2026-07-16 18:57:10,909 INFO [sys_05_3x]                 Book.java:2565 | Stored /book.xml
2026-07-16 18:57:11,840 INFO [sys_05_3x]                Sheet.java:1583 | Stored /sheet#1/sheet#1.xml
2026-07-16 18:57:11,842 INFO [sys_05_3x]       StepMonitoring.java:98   | LINKS
2026-07-16 18:57:11,876 INFO [sys_05_3x]             KeyInter.java:1198 | No effective key before AlterInter#6295{(0.149) staff:2 NATURAL pitch:-2.0}
2026-07-16 18:57:11,978 INFO [sys_05_3x]                 Book.java:2565 | Stored /book.xml
2026-07-16 18:57:12,909 INFO [sys_05_3x]                Sheet.java:1583 | Stored /sheet#1/sheet#1.xml
2026-07-16 18:57:12,911 INFO [sys_05_3x]       StepMonitoring.java:98   | RHYTHMS
2026-07-16 18:57:12,938 INFO [sys_05_3x]                 Book.java:2565 | Stored /book.xml
2026-07-16 18:57:13,994 INFO [sys_05_3x]                Sheet.java:1583 | Stored /sheet#1/sheet#1.xml
2026-07-16 18:57:13,996 INFO [sys_05_3x]       StepMonitoring.java:98   | PAGE
2026-07-16 18:57:13,996 INFO [sys_05_3x]       SheetReduction.java:154  | Gutter. Different glyphs 1/2 DynamicsInter#5260{(0.355/0.636) DYNAMICS_SF} vs DynamicsInter#5972{(0.347/0.640) DYNAMICS_SF}
2026-07-16 18:57:13,997 INFO [sys_05_3x]       SheetReduction.java:154  | Gutter. Different glyphs 1/2 TupletInter#5445{(0.676/0.856) staff:1 TUPLET_THREE} vs ArticulationInter#6018{(0.715/0.870) STACCATO}
2026-07-16 18:57:13,997 INFO [sys_05_3x]       SheetReduction.java:154  | Gutter. Different glyphs 1/2 TupletInter#5445{(0.676/0.856) staff:1 TUPLET_THREE} vs ArticulationInter#6014{(0.383/0.630) ACCENT}
2026-07-16 18:57:13,997 INFO [sys_05_3x]       SheetReduction.java:154  | Gutter. Different glyphs 1/2 ArticulationInter#5485{(0.524/0.697) STACCATO} vs ArticulationInter#6014{(0.383/0.630) ACCENT}
2026-07-16 18:57:13,997 INFO [sys_05_3x]       SheetReduction.java:154  | Gutter. Different glyphs 1/2 DynamicsInter#5644{(0.751/0.910) DYNAMICS_MF} vs DynamicsInter#6168{(0.751/0.883) DYNAMICS_MF}
2026-07-16 18:57:13,997 INFO [sys_05_3x]       SheetReduction.java:154  | Gutter. Different glyphs 1/2 ArticulationInter#5660{(0.752/0.864) STACCATO} vs DynamicsInter#6168{(0.751/0.883) DYNAMICS_MF}
2026-07-16 18:57:13,997 INFO [sys_05_3x]       SheetReduction.java:154  | Gutter. Different glyphs 1/2 DynamicsInter#5673{(0.299/0.592) DYNAMICS_P} vs ArticulationInter#6190{(0.451/0.519) STACCATO}
2026-07-16 18:57:13,998 INFO [sys_05_3x]       SheetReduction.java:154  | Gutter. Different glyphs 1/2 DynamicsInter#5673{(0.299/0.592) DYNAMICS_P} vs HeadInter#1975{(0.547/0.858) staff:2 NOTEHEAD_BLACK pitch:-6.0}
2026-07-16 18:57:13,998 INFO [sys_05_3x]       SheetReduction.java:154  | Gutter. Different glyphs 2/3 ArticulationInter#5963{(0.793/0.897) STACCATO} vs DynamicsInter#6339{ REMOVED(0.660/0.823) DYNAMICS_F}
2026-07-16 18:57:13,999 WARN [sys_05_3x]         MeasureFixer.java:343  | System#1 No target duration for measures local IDs [1, 2, 3, 4, 5, 6], please check time signatures
2026-07-16 18:57:13,999 WARN [sys_05_3x]         MeasureFixer.java:343  | System#2 No target duration for measures local IDs [1, 2, 3], please check time signatures
2026-07-16 18:57:13,999 WARN [sys_05_3x]         MeasureFixer.java:343  | System#3 No target duration for measures local IDs [4, 5, 6, 7, 8, 9, 10, 11, 12], please check time signatures
2026-07-16 18:57:14,001 INFO [sys_05_3x]                 Book.java:2565 | Stored /book.xml
2026-07-16 18:57:14,951 INFO [sys_05_3x]                Sheet.java:1583 | Stored /sheet#1/sheet#1.xml
2026-07-16 18:57:14,952 INFO [sys_05_3x]            SheetStub.java:1655 | Sheet disposed
2026-07-16 18:57:15,037 INFO [sys_05_3x]                 Book.java:2050 | End of Stub#1
2026-07-16 18:57:15,037 INFO [sys_05_3x]                 Book.java:2057 | End of Book{sys_05_3x}
2026-07-16 18:57:15,253 WARN [sys_05_3x]              Measure.java:517  | Error in class org.audiveris.omr.sheet.rhythm.Measure afterReload() java.lang.IllegalStateException: PartBarline with no proper StaffBarline in {Staff id=1 left:87 right:1667}
java.lang.IllegalStateException: PartBarline with no proper StaffBarline in {Staff id=1 left:87 right:1667}
	at org.audiveris.omr.sheet.PartBarline.getRightX(PartBarline.java:213)
	at org.audiveris.omr.sheet.rhythm.Measure.getAbscissa(Measure.java:694)
	at org.audiveris.omr.sheet.rhythm.Measure.getRight(Measure.java:1312)
	at org.audiveris.omr.sheet.rhythm.Measure.filter(Measure.java:586)
	at org.audiveris.omr.sheet.rhythm.Measure.afterReload(Measure.java:478)
	at org.audiveris.omr.sheet.Part.afterReload(Part.java:307)
	at org.audiveris.omr.sheet.SystemInfo.lambda$afterReload$1(SystemInfo.java:331)
	at java.base/java.util.ArrayList.forEach(Unknown Source)
	at org.audiveris.omr.sheet.SystemInfo.afterReload(SystemInfo.java:331)
	at org.audiveris.omr.sheet.Sheet.afterReload(Sheet.java:397)
	at org.audiveris.omr.sheet.SheetStub.getSheet(SheetStub.java:987)
	at org.audiveris.omr.score.Score.getPage(Score.java:483)
	at org.audiveris.omr.score.Score.getPages(Score.java:621)
	at org.audiveris.omr.sheet.rhythm.Voices.refineScore(Voices.java:343)
	at org.audiveris.omr.sheet.Book.reduceScores(Book.java:2101)
	at org.audiveris.omr.sheet.Book.transcribe(Book.java:2633)
	at org.audiveris.omr.sheet.Book.export(Book.java:593)
	at org.audiveris.omr.CLI$ProcessingTask.processBook(CLI.java:927)
	at org.audiveris.omr.CLI$CliTask.call(CLI.java:513)
	at org.audiveris.omr.Main.runBatchTasks(Main.java:370)
	at org.audiveris.omr.Main.main(Main.java:272)
	at Audiveris.main(Audiveris.java:50)
2026-07-16 18:57:15,253 WARN [sys_05_3x]              Measure.java:517  | Error in class org.audiveris.omr.sheet.rhythm.Measure afterReload() java.lang.IllegalStateException: PartBarline with no proper StaffBarline in {Staff id=1 left:87 right:1667}
java.lang.IllegalStateException: PartBarline with no proper StaffBarline in {Staff id=1 left:87 right:1667}
	at org.audiveris.omr.sheet.PartBarline.getRightX(PartBarline.java:213)
	at org.audiveris.omr.sheet.rhythm.Measure.getAbscissa(Measure.java:690)
	at org.audiveris.omr.sheet.rhythm.Measure.getLeft(Measure.java:1018)
	at org.audiveris.omr.sheet.rhythm.Measure.filter(Measure.java:585)
	at org.audiveris.omr.sheet.rhythm.Measure.afterReload(Measure.java:478)
	at org.audiveris.omr.sheet.Part.afterReload(Part.java:307)
	at org.audiveris.omr.sheet.SystemInfo.lambda$afterReload$1(SystemInfo.java:331)
	at java.base/java.util.ArrayList.forEach(Unknown Source)
	at org.audiveris.omr.sheet.SystemInfo.afterReload(SystemInfo.java:331)
	at org.audiveris.omr.sheet.Sheet.afterReload(Sheet.java:397)
	at org.audiveris.omr.sheet.SheetStub.getSheet(SheetStub.java:987)
	at org.audiveris.omr.score.Score.getPage(Score.java:483)
	at org.audiveris.omr.score.Score.getPages(Score.java:621)
	at org.audiveris.omr.sheet.rhythm.Voices.refineScore(Voices.java:343)
	at org.audiveris.omr.sheet.Book.reduceScores(Book.java:2101)
	at org.audiveris.omr.sheet.Book.transcribe(Book.java:2633)
	at org.audiveris.omr.sheet.Book.export(Book.java:593)
	at org.audiveris.omr.CLI$ProcessingTask.processBook(CLI.java:927)
	at org.audiveris.omr.CLI$CliTask.call(CLI.java:513)
	at org.audiveris.omr.Main.runBatchTasks(Main.java:370)
	at org.audiveris.omr.Main.main(Main.java:272)
	at Audiveris.main(Audiveris.java:50)
2026-07-16 18:57:15,257 INFO [sys_05_3x]            SheetStub.java:1000 | Loaded /sheet#1/sheet#1.xml
2026-07-16 18:57:15,258 INFO [sys_05_3x]      PartwiseBuilder.java:2707 | Exporting sheet(s): [#1]
2026-07-16 18:57:15,259 WARN [sys_05_3x]      PartwiseBuilder.java:2229 | Error visiting Measure{#2} in {Page#1.1}
java.lang.IllegalStateException: PartBarline with no proper StaffBarline in {Staff id=1 left:87 right:1667}
	at org.audiveris.omr.sheet.PartBarline.getRightX(PartBarline.java:213)
	at org.audiveris.omr.sheet.rhythm.Measure.getAbscissa(Measure.java:694)
	at org.audiveris.omr.sheet.rhythm.Measure.getWidth(Measure.java:1577)
	at org.audiveris.omr.score.PartwiseBuilder.processMeasure(PartwiseBuilder.java:1999)
	at org.audiveris.omr.score.PartwiseBuilder.processPart(PartwiseBuilder.java:2678)
	at org.audiveris.omr.score.PartwiseBuilder.processSystem(PartwiseBuilder.java:3223)
	at org.audiveris.omr.score.PartwiseBuilder.processLogicalPart(PartwiseBuilder.java:1875)
	at org.audiveris.omr.score.PartwiseBuilder.processStub(PartwiseBuilder.java:3174)
	at org.audiveris.omr.score.PartwiseBuilder.processPartList(PartwiseBuilder.java:2710)
	at org.audiveris.omr.score.PartwiseBuilder.processScore(PartwiseBuilder.java:2985)
	at org.audiveris.omr.score.PartwiseBuilder.build(PartwiseBuilder.java:3543)
	at org.audiveris.omr.score.ScoreExporter.export(ScoreExporter.java:122)
	at org.audiveris.omr.score.ScoreExporter.export(ScoreExporter.java:163)
	at org.audiveris.omr.sheet.Book.export(Book.java:630)
	at org.audiveris.omr.CLI$ProcessingTask.processBook(CLI.java:927)
	at org.audiveris.omr.CLI$CliTask.call(CLI.java:513)
	at org.audiveris.omr.Main.runBatchTasks(Main.java:370)
	at org.audiveris.omr.Main.main(Main.java:272)
	at Audiveris.main(Audiveris.java:50)
2026-07-16 18:57:15,260 WARN [sys_05_3x]      PartwiseBuilder.java:2229 | Error visiting Measure{#3} in {Page#1.1}
java.lang.IllegalStateException: PartBarline with no proper StaffBarline in {Staff id=1 left:87 right:1667}
	at org.audiveris.omr.sheet.PartBarline.getRightX(PartBarline.java:213)
	at org.audiveris.omr.sheet.rhythm.Measure.getAbscissa(Measure.java:690)
	at org.audiveris.omr.sheet.rhythm.Measure.getWidth(Measure.java:1576)
	at org.audiveris.omr.score.PartwiseBuilder.processMeasure(PartwiseBuilder.java:1999)
	at org.audiveris.omr.score.PartwiseBuilder.processPart(PartwiseBuilder.java:2678)
	at org.audiveris.omr.score.PartwiseBuilder.processSystem(PartwiseBuilder.java:3223)
	at org.audiveris.omr.score.PartwiseBuilder.processLogicalPart(PartwiseBuilder.java:1875)
	at org.audiveris.omr.score.PartwiseBuilder.processStub(PartwiseBuilder.java:3174)
	at org.audiveris.omr.score.PartwiseBuilder.processPartList(PartwiseBuilder.java:2710)
	at org.audiveris.omr.score.PartwiseBuilder.processScore(PartwiseBuilder.java:2985)
	at org.audiveris.omr.score.PartwiseBuilder.build(PartwiseBuilder.java:3543)
	at org.audiveris.omr.score.ScoreExporter.export(ScoreExporter.java:122)
	at org.audiveris.omr.score.ScoreExporter.export(ScoreExporter.java:163)
	at org.audiveris.omr.sheet.Book.export(Book.java:630)
	at org.audiveris.omr.CLI$ProcessingTask.processBook(CLI.java:927)
	at org.audiveris.omr.CLI$CliTask.call(CLI.java:513)
	at org.audiveris.omr.Main.runBatchTasks(Main.java:370)
	at org.audiveris.omr.Main.main(Main.java:272)
	at Audiveris.main(Audiveris.java:50)
2026-07-16 18:57:15,266 INFO [sys_05_3x]        ScoreExporter.java:164  | Score sys_05_3x.mvt1 exported to /home/flautisc0/athamu_workspace/violin1_sys_out/sys_05_3x.mvt1.mxl
2026-07-16 18:57:15,267 INFO [sys_05_3x]      PartwiseBuilder.java:2707 | Exporting sheet(s): [#1]
2026-07-16 18:57:15,288 INFO [sys_05_3x]        ScoreExporter.java:164  | Score sys_05_3x.mvt2 exported to /home/flautisc0/athamu_workspace/violin1_sys_out/sys_05_3x.mvt2.mxl
2026-07-16 18:57:15,516 INFO [sys_05_3x]                Score.java:181  | Closing {Score 1}
2026-07-16 18:57:15,516 INFO [sys_05_3x]                Score.java:181  | Closing {Score 2}
