2026-07-16 18:27:31,940 INFO [violin1_300]                 Book.java:560  | 1 sheet in /home/flautisc0/athamu_workspace/violin1_omr_out_v2/violin1_300.png
2026-07-16 18:27:32,178 INFO []                 Book.java:2565 | Stored /book.xml
2026-07-16 18:27:32,179 INFO []                 Book.java:2525 | Book stored as /home/flautisc0/athamu_workspace/violin1_omr_out_v2/violin1_300.omr
2026-07-16 18:27:32,181 INFO []                 Book.java:1929 | Book reaching PAGE on sheets:[#1]
2026-07-16 18:27:32,182 INFO [violin1_300]       StepMonitoring.java:98   | LOAD
2026-07-16 18:27:32,332 INFO [violin1_300]            SheetStub.java:1278 | Loaded image #1 586x765 from /home/flautisc0/athamu_workspace/violin1_omr_out_v2/violin1_300.png
2026-07-16 18:27:32,336 INFO [violin1_300]            ImageUtil.java:152  | Converting max RGB to gray
2026-07-16 18:27:32,395 INFO [violin1_300]                 Book.java:2565 | Stored /book.xml
2026-07-16 18:27:32,468 INFO [violin1_300]           DataHolder.java:348  | Stored /sheet#1/GRAY.png
2026-07-16 18:27:32,795 INFO [violin1_300]                Sheet.java:1583 | Stored /sheet#1/sheet#1.xml
2026-07-16 18:27:32,797 INFO [violin1_300]       StepMonitoring.java:98   | BINARY
2026-07-16 18:27:32,981 INFO [violin1_300]                 Book.java:2565 | Stored /book.xml
2026-07-16 18:27:32,981 INFO [violin1_300]           DataHolder.java:256  | Removed /sheet#1/GRAY.png
2026-07-16 18:27:32,997 INFO [violin1_300]           DataHolder.java:348  | Stored /sheet#1/BINARY.png
2026-07-16 18:27:32,999 INFO [violin1_300]                Sheet.java:1583 | Stored /sheet#1/sheet#1.xml
2026-07-16 18:27:33,001 INFO [violin1_300]       StepMonitoring.java:98   | SCALE
2026-07-16 18:27:33,028 WARN [violin1_300]            SheetStub.java:411  | violin1_300   With a too low interline value of 4 pixels,  either this sheet contains no multi-line staves,  or the picture resolution is too low (try 300 DPI).   This interline value is NOT RELIABLE!
2026-07-16 18:27:33,029 INFO [violin1_300]                 Book.java:543  | Created scores: []
2026-07-16 18:27:33,029 INFO [violin1_300]            SheetStub.java:1194 | Sheet violin1_300 flagged as invalid.
2026-07-16 18:27:33,030 WARN [violin1_300]                 Book.java:2044 | Error processing stub org.audiveris.omr.step.StepException: Sheet ignored
java.util.concurrent.ExecutionException: org.audiveris.omr.step.StepException: Sheet ignored
	at java.base/java.util.concurrent.FutureTask.report(Unknown Source)
	at java.base/java.util.concurrent.FutureTask.get(Unknown Source)
	at org.audiveris.omr.sheet.SheetStub.doOneStep(SheetStub.java:519)
	at org.audiveris.omr.sheet.SheetStub.reachStep(SheetStub.java:1405)
	at org.audiveris.omr.sheet.Book.reachBookStep(Book.java:2035)
	at org.audiveris.omr.sheet.Book.transcribe(Book.java:2626)
	at org.audiveris.omr.sheet.Book.export(Book.java:593)
	at org.audiveris.omr.CLI$ProcessingTask.processBook(CLI.java:927)
	at org.audiveris.omr.CLI$CliTask.call(CLI.java:513)
	at org.audiveris.omr.Main.runBatchTasks(Main.java:370)
	at org.audiveris.omr.Main.main(Main.java:272)
	at Audiveris.main(Audiveris.java:50)
Caused by: org.audiveris.omr.step.StepException: Sheet ignored
	at org.audiveris.omr.sheet.SheetStub.decideOnRemoval(SheetStub.java:425)
	at org.audiveris.omr.sheet.ScaleBuilder.checkResolution(ScaleBuilder.java:187)
	at org.audiveris.omr.sheet.ScaleBuilder.doRetrieveScale(ScaleBuilder.java:380)
	at org.audiveris.omr.sheet.ScaleBuilder.retrieveScale(ScaleBuilder.java:445)
	at org.audiveris.omr.step.ScaleStep.doit(ScaleStep.java:64)
	at org.audiveris.omr.step.OmrStep.doit(OmrStep.java:138)
	at org.audiveris.omr.sheet.SheetStub.lambda$doOneStep$0(SheetStub.java:503)
	at java.base/java.util.concurrent.FutureTask.run(Unknown Source)
	at java.base/java.util.concurrent.ThreadPoolExecutor.runWorker(Unknown Source)
	at java.base/java.util.concurrent.ThreadPoolExecutor$Worker.run(Unknown Source)
	at java.base/java.lang.Thread.run(Unknown Source)
2026-07-16 18:27:33,043 INFO [violin1_300]                 Book.java:2584 | Book{violin1_300} storing
2026-07-16 18:27:33,080 INFO [violin1_300]                 Book.java:2565 | Stored /book.xml
2026-07-16 18:27:33,082 INFO [violin1_300]                Sheet.java:1583 | Stored /sheet#1/sheet#1.xml
2026-07-16 18:27:33,083 INFO [violin1_300]                 Book.java:2525 | Book stored as /home/flautisc0/athamu_workspace/violin1_omr_out_v2/violin1_300.omr
2026-07-16 18:27:33,084 INFO [violin1_300]            SheetStub.java:1655 | Sheet disposed
2026-07-16 18:27:33,108 INFO [violin1_300]                 Book.java:2050 | End of Stub#1
2026-07-16 18:27:33,109 INFO [violin1_300]                 Book.java:2057 | End of Book{violin1_300}
2026-07-16 18:27:33,109 INFO [violin1_300]                 Book.java:596  | Could not export since transcription did not complete successfully
2026-07-16 18:27:33,110 WARN [violin1_300]                  CLI.java:956  | Exception occurred java.lang.Exception: Error in export
java.lang.Exception: Error in export
	at org.audiveris.omr.CLI$ProcessingTask.processBook(CLI.java:930)
	at org.audiveris.omr.CLI$CliTask.call(CLI.java:513)
	at org.audiveris.omr.Main.runBatchTasks(Main.java:370)
	at org.audiveris.omr.Main.main(Main.java:272)
	at Audiveris.main(Audiveris.java:50)
