2026-07-16 19:12:20,227 INFO [staff_page_004]                 Book.java:560  | 1 sheet in /home/flautisc0/athamu_workspace/beethoven_sym2_vln1_staff/staff_page_004.png
2026-07-16 19:12:20,288 INFO []                 Book.java:2565 | Stored /book.xml
2026-07-16 19:12:20,288 INFO []                 Book.java:2525 | Book stored as /home/flautisc0/athamu_workspace/beethoven_sym2_vln1_omr_out/staff_page_004.omr
2026-07-16 19:12:20,289 INFO []                 Book.java:1929 | Book reaching PAGE on sheets:[#1]
2026-07-16 19:12:20,289 INFO [staff_page_004]       StepMonitoring.java:98   | LOAD
2026-07-16 19:12:20,375 INFO [staff_page_004]            SheetStub.java:1278 | Loaded image #1 2210x1573 from /home/flautisc0/athamu_workspace/beethoven_sym2_vln1_staff/staff_page_004.png
2026-07-16 19:12:20,376 INFO [staff_page_004]            ImageUtil.java:152  | Converting max RGB to gray
2026-07-16 19:12:20,467 INFO [staff_page_004]                 Book.java:2565 | Stored /book.xml
2026-07-16 19:12:20,523 INFO [staff_page_004]           DataHolder.java:348  | Stored /sheet#1/GRAY.png
2026-07-16 19:12:20,524 INFO [staff_page_004]                Sheet.java:1583 | Stored /sheet#1/sheet#1.xml
2026-07-16 19:12:20,525 INFO [staff_page_004]       StepMonitoring.java:98   | BINARY
2026-07-16 19:12:21,069 INFO [staff_page_004]                 Book.java:2565 | Stored /book.xml
2026-07-16 19:12:21,069 INFO [staff_page_004]           DataHolder.java:256  | Removed /sheet#1/GRAY.png
2026-07-16 19:12:21,111 INFO [staff_page_004]           DataHolder.java:348  | Stored /sheet#1/BINARY.png
2026-07-16 19:12:21,112 INFO [staff_page_004]                Sheet.java:1583 | Stored /sheet#1/sheet#1.xml
2026-07-16 19:12:21,112 INFO [staff_page_004]       StepMonitoring.java:98   | SCALE
2026-07-16 19:12:21,116 INFO [staff_page_004]         ScaleBuilder.java:254  | Beam  guessed height:  7 -- 0.25 of [5..11] range
2026-07-16 19:12:21,116 INFO [staff_page_004]         ScaleBuilder.java:271  | Beam measured height:  7 -- 0.33 of [5..11] range at 1026% of needed quorum
2026-07-16 19:12:21,116 INFO [staff_page_004]         ScaleBuilder.java:401  | Normalized black jitter: 16.67 %
2026-07-16 19:12:21,116 INFO [staff_page_004]            ScaleStep.java:65   | Scale{ small_interline(8,9,10) interline(11,12,12) line(1,1,3) beam(7)}
2026-07-16 19:12:21,117 INFO [staff_page_004]                 Book.java:2565 | Stored /book.xml
2026-07-16 19:12:21,118 INFO [staff_page_004]                Sheet.java:1583 | Stored /sheet#1/sheet#1.xml
2026-07-16 19:12:21,119 INFO [staff_page_004]       StepMonitoring.java:98   | GRID
2026-07-16 19:12:21,242 INFO [staff_page_004]       LinesRetriever.java:1508 | Global slope: 0.00000
2026-07-16 19:12:21,263 INFO [staff_page_004]    ClustersRetriever.java:326  | Retrieved raw line clusters: 8 of sizes [5] with interline(11,12,12)
2026-07-16 19:12:21,264 INFO [staff_page_004]       LinesRetriever.java:1524 | Searching clusters with smallInterline: 9
2026-07-16 19:12:21,266 INFO [staff_page_004]    ClustersRetriever.java:326  | Retrieved raw line clusters: 0 of sizes [5] with interline(8,9,10)
2026-07-16 19:12:21,323 INFO [staff_page_004]            PeakGraph.java:310  | Systems: #1[1, 2, 3, 4] #2[5, 6, 7, 8]
2026-07-16 19:12:21,342 INFO [staff_page_004]        BarsRetriever.java:769  | No brace partner at level:2 for Peak{226-241 F#1694 T#8 [BRACE]}
2026-07-16 19:12:21,342 INFO [staff_page_004]        BarsRetriever.java:1305 | System#1
2026-07-16 19:12:21,342 INFO [staff_page_004]        BarsRetriever.java:1308 |    PartGroup{bracket number:1 barline:true staves:1-4}
2026-07-16 19:12:21,342 INFO [staff_page_004]        BarsRetriever.java:1308 |    PartGroup{brace number:2 barline:true staves:1-2}
2026-07-16 19:12:21,342 INFO [staff_page_004]        BarsRetriever.java:1305 | System#2
2026-07-16 19:12:21,342 INFO [staff_page_004]        BarsRetriever.java:1308 |    PartGroup{bracket number:1 barline:true staves:5-7}
2026-07-16 19:12:21,342 INFO [staff_page_004]        BarsRetriever.java:1308 |    PartGroup{bracket number:1 barline:false staves:8}
2026-07-16 19:12:21,498 INFO [staff_page_004]        SystemManager.java:800  | 4 parts along 2 systems
2026-07-16 19:12:21,498 INFO [staff_page_004]                 Book.java:543  | Created scores: [{Score 1}]
2026-07-16 19:12:21,500 INFO [staff_page_004]                 Book.java:2565 | Stored /book.xml
2026-07-16 19:12:21,539 INFO [staff_page_004]                Sheet.java:1583 | Stored /sheet#1/sheet#1.xml
2026-07-16 19:12:21,540 INFO [staff_page_004]       StepMonitoring.java:98   | HEADERS
2026-07-16 19:12:21,704 INFO [staff_page_004]                 Book.java:2565 | Stored /book.xml
2026-07-16 19:12:21,780 INFO [staff_page_004]                Sheet.java:1583 | Stored /sheet#1/sheet#1.xml
2026-07-16 19:12:21,782 INFO [staff_page_004]       StepMonitoring.java:98   | STEM_SEEDS
2026-07-16 19:12:21,816 INFO [staff_page_004]        StemSeedsStep.java:86   | stem(2 max:3)
2026-07-16 19:12:21,827 INFO [staff_page_004]                 Book.java:2565 | Stored /book.xml
2026-07-16 19:12:21,933 INFO [staff_page_004]                Sheet.java:1583 | Stored /sheet#1/sheet#1.xml
2026-07-16 19:12:21,934 INFO [staff_page_004]       StepMonitoring.java:98   | BEAMS
2026-07-16 19:12:23,559 INFO [staff_page_004]                 Book.java:2565 | Stored /book.xml
2026-07-16 19:12:23,600 INFO [staff_page_004]           DataHolder.java:348  | Stored /sheet#1/HEAD_SPOTS.png
2026-07-16 19:12:24,165 INFO [staff_page_004]                Sheet.java:1583 | Stored /sheet#1/sheet#1.xml
2026-07-16 19:12:24,166 INFO [staff_page_004]       StepMonitoring.java:98   | LEDGERS
2026-07-16 19:12:24,290 INFO [staff_page_004]                 Book.java:2565 | Stored /book.xml
2026-07-16 19:12:24,966 INFO [staff_page_004]                Sheet.java:1583 | Stored /sheet#1/sheet#1.xml
2026-07-16 19:12:24,967 INFO [staff_page_004]       StepMonitoring.java:98   | HEADS
2026-07-16 19:12:27,584 INFO [staff_page_004]        HeadSeedTally.java:235  | Scale information: HeadSeeds{NOTEHEAD_BLACK[L:0.2,R:-0.1]}
2026-07-16 19:12:27,586 INFO [staff_page_004]                 Book.java:2565 | Stored /book.xml
2026-07-16 19:12:27,587 INFO [staff_page_004]           DataHolder.java:256  | Removed /sheet#1/HEAD_SPOTS.png
2026-07-16 19:12:28,134 INFO [staff_page_004]                Sheet.java:1583 | Stored /sheet#1/sheet#1.xml
2026-07-16 19:12:28,135 INFO [staff_page_004]       StepMonitoring.java:98   | STEMS
2026-07-16 19:12:28,749 INFO [staff_page_004]                 Book.java:2565 | Stored /book.xml
2026-07-16 19:12:29,577 INFO [staff_page_004]                Sheet.java:1583 | Stored /sheet#1/sheet#1.xml
2026-07-16 19:12:29,578 INFO [staff_page_004]       StepMonitoring.java:98   | REDUCTION
2026-07-16 19:12:29,667 INFO [staff_page_004]        ReductionStep.java:105  | Stems free length median value: 43 pixels, 3.6 interlines
2026-07-16 19:12:29,672 INFO [staff_page_004]                 Book.java:2565 | Stored /book.xml
2026-07-16 19:12:30,158 INFO [staff_page_004]                Sheet.java:1583 | Stored /sheet#1/sheet#1.xml
2026-07-16 19:12:30,159 INFO [staff_page_004]       StepMonitoring.java:98   | CUE_BEAMS
2026-07-16 19:12:30,160 INFO [staff_page_004]         CueBeamsStep.java:81   | Step CUE_BEAMS is skipped because small heads switch is off
2026-07-16 19:12:30,162 INFO [staff_page_004]                 Book.java:2565 | Stored /book.xml
2026-07-16 19:12:30,684 INFO [staff_page_004]                Sheet.java:1583 | Stored /sheet#1/sheet#1.xml
2026-07-16 19:12:30,685 INFO [staff_page_004]       StepMonitoring.java:98   | TEXTS
2026-07-16 19:12:31,590 INFO [staff_page_004]                 Book.java:2565 | Stored /book.xml
2026-07-16 19:12:32,103 INFO [staff_page_004]                Sheet.java:1583 | Stored /sheet#1/sheet#1.xml
2026-07-16 19:12:32,104 INFO [staff_page_004]       StepMonitoring.java:98   | MEASURES
2026-07-16 19:12:32,106 INFO [staff_page_004]                 Page.java:307  | 4 raw measures: [2 in system#1, 2 in system#2]
2026-07-16 19:12:32,108 INFO [staff_page_004]                 Book.java:2565 | Stored /book.xml
2026-07-16 19:12:32,643 INFO [staff_page_004]                Sheet.java:1583 | Stored /sheet#1/sheet#1.xml
2026-07-16 19:12:32,644 INFO [staff_page_004]       StepMonitoring.java:98   | CHORDS
2026-07-16 19:12:32,651 INFO [staff_page_004]                 Book.java:2565 | Stored /book.xml
2026-07-16 19:12:33,219 INFO [staff_page_004]                Sheet.java:1583 | Stored /sheet#1/sheet#1.xml
2026-07-16 19:12:33,220 INFO [staff_page_004]       StepMonitoring.java:98   | CURVES
2026-07-16 19:12:33,696 INFO [staff_page_004]         SlursBuilder.java:240  | Slurs: 19
2026-07-16 19:12:33,702 INFO [staff_page_004]      SegmentsBuilder.java:155  | Segments: 13
2026-07-16 19:12:33,705 INFO [staff_page_004]                 Book.java:2565 | Stored /book.xml
2026-07-16 19:12:34,468 INFO [staff_page_004]                Sheet.java:1583 | Stored /sheet#1/sheet#1.xml
2026-07-16 19:12:34,470 INFO [staff_page_004]       StepMonitoring.java:98   | SYMBOLS
2026-07-16 19:12:35,264 INFO [staff_page_004]                 Book.java:2565 | Stored /book.xml
2026-07-16 19:12:36,207 INFO [staff_page_004]                Sheet.java:1583 | Stored /sheet#1/sheet#1.xml
2026-07-16 19:12:36,208 INFO [staff_page_004]       StepMonitoring.java:98   | LINKS
2026-07-16 19:12:36,273 INFO [staff_page_004]                 Book.java:2565 | Stored /book.xml
2026-07-16 19:12:37,259 INFO [staff_page_004]                Sheet.java:1583 | Stored /sheet#1/sheet#1.xml
2026-07-16 19:12:37,261 INFO [staff_page_004]       StepMonitoring.java:98   | RHYTHMS
2026-07-16 19:12:37,301 INFO [staff_page_004]                 Book.java:2565 | Stored /book.xml
2026-07-16 19:12:38,380 INFO [staff_page_004]                Sheet.java:1583 | Stored /sheet#1/sheet#1.xml
2026-07-16 19:12:38,382 INFO [staff_page_004]       StepMonitoring.java:98   | PAGE
2026-07-16 19:12:38,384 WARN [staff_page_004]         MeasureFixer.java:343  | System#1 No target duration for measures local IDs [1, 2], please check time signatures
2026-07-16 19:12:38,384 WARN [staff_page_004]         MeasureFixer.java:343  | System#2 No target duration for measures local IDs [3, 4], please check time signatures
2026-07-16 19:12:38,387 INFO [staff_page_004]                 Book.java:2565 | Stored /book.xml
2026-07-16 19:12:39,334 INFO [staff_page_004]                Sheet.java:1583 | Stored /sheet#1/sheet#1.xml
2026-07-16 19:12:39,336 INFO [staff_page_004]            SheetStub.java:1655 | Sheet disposed
2026-07-16 19:12:39,407 INFO [staff_page_004]                 Book.java:2050 | End of Stub#1
2026-07-16 19:12:39,407 INFO [staff_page_004]                 Book.java:2057 | End of Book{staff_page_004}
2026-07-16 19:12:39,723 INFO [staff_page_004]            SheetStub.java:1000 | Loaded /sheet#1/sheet#1.xml
2026-07-16 19:12:39,724 INFO [staff_page_004]      PartwiseBuilder.java:2707 | Exporting sheet(s): [#1]
2026-07-16 19:12:39,724 INFO [staff_page_004]                 Part.java:351  | Sheet#1 System#1 Part#5{name:Vln 1 staves[1] configs:[5]} dummyPart id: 1
2026-07-16 19:12:39,728 INFO [staff_page_004]                 Part.java:351  | Sheet#1 System#1 Part#5{name:Vln 1 staves[1] configs:[5]} dummyPart id: 2
2026-07-16 19:12:39,729 INFO [staff_page_004]                 Part.java:351  | Sheet#1 System#1 Part#5{name:Vln 1 staves[1] configs:[5]} dummyPart id: 3
2026-07-16 19:12:39,733 INFO [staff_page_004]                 Part.java:351  | Sheet#1 System#1 Part#5{name:Vln 1 staves[1] configs:[5]} dummyPart id: 4
2026-07-16 19:12:39,737 INFO [staff_page_004]                 Part.java:351  | Sheet#1 System#2 Part#1{name:Fl 1—2 staves[5] configs:[5]} dummyPart id: 5
2026-07-16 19:12:39,739 INFO [staff_page_004]                 Part.java:351  | Sheet#1 System#2 Part#1{name:Fl 1—2 staves[5] configs:[5]} dummyPart id: 6
2026-07-16 19:12:39,741 INFO [staff_page_004]                 Part.java:351  | Sheet#1 System#2 Part#1{name:Fl 1—2 staves[5] configs:[5]} dummyPart id: 7
2026-07-16 19:12:39,742 INFO [staff_page_004]                 Part.java:351  | Sheet#1 System#2 Part#1{name:Fl 1—2 staves[5] configs:[5]} dummyPart id: 8
2026-07-16 19:12:39,765 INFO [staff_page_004]        ScoreExporter.java:164  | Score staff_page_004 exported to /home/flautisc0/athamu_workspace/beethoven_sym2_vln1_omr_out/staff_page_004.mxl
2026-07-16 19:12:39,848 INFO [staff_page_004]                Score.java:181  | Closing {Score 1}
