2026-07-16 19:14:24,717 INFO [staff_page_012]                 Book.java:560  | 1 sheet in /home/flautisc0/athamu_workspace/beethoven_sym2_vln1_staff/staff_page_012.png
2026-07-16 19:14:24,802 INFO []                 Book.java:2565 | Stored /book.xml
2026-07-16 19:14:24,802 INFO []                 Book.java:2525 | Book stored as /home/flautisc0/athamu_workspace/beethoven_sym2_vln1_omr_out/staff_page_012.omr
2026-07-16 19:14:24,803 INFO []                 Book.java:1929 | Book reaching PAGE on sheets:[#1]
2026-07-16 19:14:24,803 INFO [staff_page_012]       StepMonitoring.java:98   | LOAD
2026-07-16 19:14:24,880 INFO [staff_page_012]            SheetStub.java:1278 | Loaded image #1 2210x1573 from /home/flautisc0/athamu_workspace/beethoven_sym2_vln1_staff/staff_page_012.png
2026-07-16 19:14:24,880 INFO [staff_page_012]            ImageUtil.java:152  | Converting max RGB to gray
2026-07-16 19:14:24,965 INFO [staff_page_012]                 Book.java:2565 | Stored /book.xml
2026-07-16 19:14:25,041 INFO [staff_page_012]           DataHolder.java:348  | Stored /sheet#1/GRAY.png
2026-07-16 19:14:25,042 INFO [staff_page_012]                Sheet.java:1583 | Stored /sheet#1/sheet#1.xml
2026-07-16 19:14:25,043 INFO [staff_page_012]       StepMonitoring.java:98   | BINARY
2026-07-16 19:14:25,569 INFO [staff_page_012]                 Book.java:2565 | Stored /book.xml
2026-07-16 19:14:25,569 INFO [staff_page_012]           DataHolder.java:256  | Removed /sheet#1/GRAY.png
2026-07-16 19:14:25,609 INFO [staff_page_012]           DataHolder.java:348  | Stored /sheet#1/BINARY.png
2026-07-16 19:14:25,610 INFO [staff_page_012]                Sheet.java:1583 | Stored /sheet#1/sheet#1.xml
2026-07-16 19:14:25,611 INFO [staff_page_012]       StepMonitoring.java:98   | SCALE
2026-07-16 19:14:25,613 INFO [staff_page_012]         ScaleBuilder.java:254  | Beam  guessed height:  7 -- 0.25 of [5..11] range
2026-07-16 19:14:25,613 INFO [staff_page_012]         ScaleBuilder.java:271  | Beam measured height:  7 -- 0.33 of [5..11] range at 244% of needed quorum
2026-07-16 19:14:25,613 INFO [staff_page_012]         ScaleBuilder.java:401  | Normalized black jitter: 16.67 %
2026-07-16 19:14:25,613 INFO [staff_page_012]            ScaleStep.java:65   | Scale{ interline(11,12,12) line(1,1,3) beam(7)}
2026-07-16 19:14:25,614 INFO [staff_page_012]                 Book.java:2565 | Stored /book.xml
2026-07-16 19:14:25,615 INFO [staff_page_012]                Sheet.java:1583 | Stored /sheet#1/sheet#1.xml
2026-07-16 19:14:25,615 INFO [staff_page_012]       StepMonitoring.java:98   | GRID
2026-07-16 19:14:25,723 INFO [staff_page_012]       LinesRetriever.java:1508 | Global slope: 0.00000
2026-07-16 19:14:25,736 INFO [staff_page_012]    ClustersRetriever.java:326  | Retrieved raw line clusters: 7 of sizes [5] with interline(11,12,12)
2026-07-16 19:14:25,777 INFO [staff_page_012]            PeakGraph.java:310  | Systems: #1[1, 2, 3, 4, 5, 6, 7]
2026-07-16 19:14:25,783 WARN [staff_page_012]        BarsRetriever.java:368  | Staff#1 isolated brace top
2026-07-16 19:14:25,789 INFO [staff_page_012]        BarsRetriever.java:1305 | System#1
2026-07-16 19:14:25,789 INFO [staff_page_012]        BarsRetriever.java:1308 |    PartGroup{brace number:1 barline:true staves:1-5}
2026-07-16 19:14:25,935 INFO [staff_page_012]        SystemManager.java:800  | 6 parts along 1 system
2026-07-16 19:14:25,936 INFO [staff_page_012]                 Book.java:543  | Created scores: [{Score 1}]
2026-07-16 19:14:25,938 INFO [staff_page_012]                 Book.java:2565 | Stored /book.xml
2026-07-16 19:14:25,977 INFO [staff_page_012]                Sheet.java:1583 | Stored /sheet#1/sheet#1.xml
2026-07-16 19:14:25,978 INFO [staff_page_012]       StepMonitoring.java:98   | HEADERS
2026-07-16 19:14:26,109 INFO [staff_page_012]                 Book.java:2565 | Stored /book.xml
2026-07-16 19:14:26,179 INFO [staff_page_012]                Sheet.java:1583 | Stored /sheet#1/sheet#1.xml
2026-07-16 19:14:26,180 INFO [staff_page_012]       StepMonitoring.java:98   | STEM_SEEDS
2026-07-16 19:14:26,213 INFO [staff_page_012]        StemSeedsStep.java:86   | stem(2 max:2)
2026-07-16 19:14:26,223 INFO [staff_page_012]                 Book.java:2565 | Stored /book.xml
2026-07-16 19:14:26,323 INFO [staff_page_012]                Sheet.java:1583 | Stored /sheet#1/sheet#1.xml
2026-07-16 19:14:26,324 INFO [staff_page_012]       StepMonitoring.java:98   | BEAMS
2026-07-16 19:14:27,794 INFO [staff_page_012]                 Book.java:2565 | Stored /book.xml
2026-07-16 19:14:27,833 INFO [staff_page_012]           DataHolder.java:348  | Stored /sheet#1/HEAD_SPOTS.png
2026-07-16 19:14:28,137 INFO [staff_page_012]                Sheet.java:1583 | Stored /sheet#1/sheet#1.xml
2026-07-16 19:14:28,138 INFO [staff_page_012]       StepMonitoring.java:98   | LEDGERS
2026-07-16 19:14:28,214 INFO [staff_page_012]                 Book.java:2565 | Stored /book.xml
2026-07-16 19:14:28,569 INFO [staff_page_012]                Sheet.java:1583 | Stored /sheet#1/sheet#1.xml
2026-07-16 19:14:28,570 INFO [staff_page_012]       StepMonitoring.java:98   | HEADS
2026-07-16 19:14:31,228 INFO [staff_page_012]        HeadSeedTally.java:235  | Scale information: HeadSeeds{NOTEHEAD_VOID[L:-0.1,R:0.3] NOTEHEAD_BLACK[L:0.0,R:-0.0]}
2026-07-16 19:14:31,230 INFO [staff_page_012]                 Book.java:2565 | Stored /book.xml
2026-07-16 19:14:31,231 INFO [staff_page_012]           DataHolder.java:256  | Removed /sheet#1/HEAD_SPOTS.png
2026-07-16 19:14:31,848 INFO [staff_page_012]                Sheet.java:1583 | Stored /sheet#1/sheet#1.xml
2026-07-16 19:14:31,849 INFO [staff_page_012]       StepMonitoring.java:98   | STEMS
2026-07-16 19:14:33,156 INFO [staff_page_012]                 Book.java:2565 | Stored /book.xml
2026-07-16 19:14:33,759 INFO [staff_page_012]                Sheet.java:1583 | Stored /sheet#1/sheet#1.xml
2026-07-16 19:14:33,760 INFO [staff_page_012]       StepMonitoring.java:98   | REDUCTION
2026-07-16 19:14:33,834 INFO [staff_page_012]        ReductionStep.java:105  | Stems free length median value: 43 pixels, 3.6 interlines
2026-07-16 19:14:33,837 INFO [staff_page_012]                 Book.java:2565 | Stored /book.xml
2026-07-16 19:14:34,092 INFO [staff_page_012]                Sheet.java:1583 | Stored /sheet#1/sheet#1.xml
2026-07-16 19:14:34,093 INFO [staff_page_012]       StepMonitoring.java:98   | CUE_BEAMS
2026-07-16 19:14:34,094 INFO [staff_page_012]         CueBeamsStep.java:81   | Step CUE_BEAMS is skipped because small heads switch is off
2026-07-16 19:14:34,095 INFO [staff_page_012]                 Book.java:2565 | Stored /book.xml
2026-07-16 19:14:34,350 INFO [staff_page_012]                Sheet.java:1583 | Stored /sheet#1/sheet#1.xml
2026-07-16 19:14:34,351 INFO [staff_page_012]       StepMonitoring.java:98   | TEXTS
2026-07-16 19:14:34,882 INFO [staff_page_012]                 Book.java:2565 | Stored /book.xml
2026-07-16 19:14:35,174 INFO [staff_page_012]                Sheet.java:1583 | Stored /sheet#1/sheet#1.xml
2026-07-16 19:14:35,175 INFO [staff_page_012]       StepMonitoring.java:98   | MEASURES
2026-07-16 19:14:35,177 INFO [staff_page_012]                 Page.java:307  | 6 raw measures: [6 in system#1]
2026-07-16 19:14:35,178 INFO [staff_page_012]                 Book.java:2565 | Stored /book.xml
2026-07-16 19:14:35,478 INFO [staff_page_012]                Sheet.java:1583 | Stored /sheet#1/sheet#1.xml
2026-07-16 19:14:35,479 INFO [staff_page_012]       StepMonitoring.java:98   | CHORDS
2026-07-16 19:14:35,485 INFO [staff_page_012]                 Book.java:2565 | Stored /book.xml
2026-07-16 19:14:35,824 INFO [staff_page_012]                Sheet.java:1583 | Stored /sheet#1/sheet#1.xml
2026-07-16 19:14:35,825 INFO [staff_page_012]       StepMonitoring.java:98   | CURVES
2026-07-16 19:14:36,339 INFO [staff_page_012]         SlursBuilder.java:240  | Slurs: 9
2026-07-16 19:14:36,344 INFO [staff_page_012]      SegmentsBuilder.java:155  | Segments: 11
2026-07-16 19:14:36,347 INFO [staff_page_012]                 Book.java:2565 | Stored /book.xml
2026-07-16 19:14:36,852 INFO [staff_page_012]                Sheet.java:1583 | Stored /sheet#1/sheet#1.xml
2026-07-16 19:14:36,853 INFO [staff_page_012]       StepMonitoring.java:98   | SYMBOLS
2026-07-16 19:14:37,644 INFO [staff_page_012]                 Book.java:2565 | Stored /book.xml
2026-07-16 19:14:38,353 INFO [staff_page_012]                Sheet.java:1583 | Stored /sheet#1/sheet#1.xml
2026-07-16 19:14:38,354 INFO [staff_page_012]       StepMonitoring.java:98   | LINKS
2026-07-16 19:14:38,394 INFO [staff_page_012]                 Book.java:2565 | Stored /book.xml
2026-07-16 19:14:39,101 INFO [staff_page_012]                Sheet.java:1583 | Stored /sheet#1/sheet#1.xml
2026-07-16 19:14:39,102 INFO [staff_page_012]       StepMonitoring.java:98   | RHYTHMS
2026-07-16 19:14:39,125 INFO [staff_page_012]                 Book.java:2565 | Stored /book.xml
2026-07-16 19:14:39,891 INFO [staff_page_012]                Sheet.java:1583 | Stored /sheet#1/sheet#1.xml
2026-07-16 19:14:39,893 INFO [staff_page_012]       StepMonitoring.java:98   | PAGE
2026-07-16 19:14:39,894 WARN [staff_page_012]         MeasureFixer.java:343  | System#1 No target duration for measures local IDs [1, 2, 3, 4, 5, 6], please check time signatures
2026-07-16 19:14:39,896 INFO [staff_page_012]                 Book.java:2565 | Stored /book.xml
2026-07-16 19:14:40,636 INFO [staff_page_012]                Sheet.java:1583 | Stored /sheet#1/sheet#1.xml
2026-07-16 19:14:40,638 INFO [staff_page_012]            SheetStub.java:1655 | Sheet disposed
2026-07-16 19:14:40,735 INFO [staff_page_012]                 Book.java:2050 | End of Stub#1
2026-07-16 19:14:40,735 INFO [staff_page_012]                 Book.java:2057 | End of Book{staff_page_012}
2026-07-16 19:14:40,992 INFO [staff_page_012]            SheetStub.java:1000 | Loaded /sheet#1/sheet#1.xml
2026-07-16 19:14:40,993 INFO [staff_page_012]      PartwiseBuilder.java:2707 | Exporting sheet(s): [#1]
2026-07-16 19:14:41,018 INFO [staff_page_012]        ScoreExporter.java:164  | Score staff_page_012 exported to /home/flautisc0/athamu_workspace/beethoven_sym2_vln1_omr_out/staff_page_012.mxl
2026-07-16 19:14:41,121 INFO [staff_page_012]                Score.java:181  | Closing {Score 1}
