2026-07-16 19:11:34,067 INFO [staff_page_001]                 Book.java:560  | 1 sheet in /home/flautisc0/athamu_workspace/beethoven_sym2_vln1_staff/staff_page_001.png
2026-07-16 19:11:34,303 INFO []                 Book.java:2565 | Stored /book.xml
2026-07-16 19:11:34,303 INFO []                 Book.java:2525 | Book stored as /home/flautisc0/athamu_workspace/beethoven_sym2_vln1_omr_out/staff_page_001.omr
2026-07-16 19:11:34,306 INFO []                 Book.java:1929 | Book reaching PAGE on sheets:[#1]
2026-07-16 19:11:34,307 INFO [staff_page_001]       StepMonitoring.java:98   | LOAD
2026-07-16 19:11:34,481 INFO [staff_page_001]            SheetStub.java:1278 | Loaded image #1 2210x1573 from /home/flautisc0/athamu_workspace/beethoven_sym2_vln1_staff/staff_page_001.png
2026-07-16 19:11:34,485 INFO [staff_page_001]            ImageUtil.java:152  | Converting max RGB to gray
2026-07-16 19:11:34,721 INFO [staff_page_001]                 Book.java:2565 | Stored /book.xml
2026-07-16 19:11:34,815 INFO [staff_page_001]           DataHolder.java:348  | Stored /sheet#1/GRAY.png
2026-07-16 19:11:35,124 INFO [staff_page_001]                Sheet.java:1583 | Stored /sheet#1/sheet#1.xml
2026-07-16 19:11:35,125 INFO [staff_page_001]       StepMonitoring.java:98   | BINARY
2026-07-16 19:11:35,767 INFO [staff_page_001]                 Book.java:2565 | Stored /book.xml
2026-07-16 19:11:35,768 INFO [staff_page_001]           DataHolder.java:256  | Removed /sheet#1/GRAY.png
2026-07-16 19:11:35,809 INFO [staff_page_001]           DataHolder.java:348  | Stored /sheet#1/BINARY.png
2026-07-16 19:11:35,811 INFO [staff_page_001]                Sheet.java:1583 | Stored /sheet#1/sheet#1.xml
2026-07-16 19:11:35,813 INFO [staff_page_001]       StepMonitoring.java:98   | SCALE
2026-07-16 19:11:35,822 INFO [staff_page_001]                 Book.java:543  | Created scores: []
2026-07-16 19:11:35,823 INFO [staff_page_001]            SheetStub.java:1194 | Sheet staff_page_001 flagged as invalid.
2026-07-16 19:11:35,824 WARN [staff_page_001]                 Book.java:2044 | Error processing stub org.audiveris.omr.step.StepException: No regularly spaced lines found
java.util.concurrent.ExecutionException: org.audiveris.omr.step.StepException: No regularly spaced lines found
	at java.base/java.util.concurrent.FutureTask.report(Unknown Source)
	at java.base/java.util.concurrent.FutureTask.get(Unknown Source)
	at org.audiveris.omr.sheet.SheetStub.doOneStep(SheetStub.java:519)
	at org.audiveris.omr.sheet.SheetStub.reachStep(SheetStub.java:1405)
	at org.audiveris.omr.sheet.Book.reachBookStep(Book.java:2035)
	at org.audiveris.omr.sheet.Book.transcribe(Book.java:2626)
	at org.audiveris.omr.sheet.Book.export(Book.java:593)
	at org.audiveris.omr.CLI$ProcessingTask.processBook(CLI.java:927)
	at org.audiveris.omr.CLI$CliTask.call(CLI.java:513)
	at org.audiveris.omr.Main.runBatchTasks(Main.java:370)
	at org.audiveris.omr.Main.main(Main.java:272)
	at Audiveris.main(Audiveris.java:50)
Caused by: org.audiveris.omr.step.StepException: No regularly spaced lines found
	at org.audiveris.omr.sheet.ScaleBuilder$HistoKeeper.retrieveInterlinePeaks(ScaleBuilder.java:746)
	at org.audiveris.omr.sheet.ScaleBuilder.doRetrieveScale(ScaleBuilder.java:355)
	at org.audiveris.omr.sheet.ScaleBuilder.retrieveScale(ScaleBuilder.java:445)
	at org.audiveris.omr.step.ScaleStep.doit(ScaleStep.java:64)
	at org.audiveris.omr.step.OmrStep.doit(OmrStep.java:138)
	at org.audiveris.omr.sheet.SheetStub.lambda$doOneStep$0(SheetStub.java:503)
	at java.base/java.util.concurrent.FutureTask.run(Unknown Source)
	at java.base/java.util.concurrent.ThreadPoolExecutor.runWorker(Unknown Source)
	at java.base/java.util.concurrent.ThreadPoolExecutor$Worker.run(Unknown Source)
	at java.base/java.lang.Thread.run(Unknown Source)
2026-07-16 19:11:35,843 INFO [staff_page_001]                 Book.java:2584 | Book{staff_page_001} storing
2026-07-16 19:11:35,878 INFO [staff_page_001]                 Book.java:2565 | Stored /book.xml
2026-07-16 19:11:35,881 INFO [staff_page_001]                Sheet.java:1583 | Stored /sheet#1/sheet#1.xml
2026-07-16 19:11:35,881 INFO [staff_page_001]                 Book.java:2525 | Book stored as /home/flautisc0/athamu_workspace/beethoven_sym2_vln1_omr_out/staff_page_001.omr
2026-07-16 19:11:35,883 INFO [staff_page_001]            SheetStub.java:1655 | Sheet disposed
2026-07-16 19:11:35,907 INFO [staff_page_001]                 Book.java:2050 | End of Stub#1
2026-07-16 19:11:35,908 INFO [staff_page_001]                 Book.java:2057 | End of Book{staff_page_001}
2026-07-16 19:11:35,908 INFO [staff_page_001]                 Book.java:596  | Could not export since transcription did not complete successfully
2026-07-16 19:11:35,909 WARN [staff_page_001]                  CLI.java:956  | Exception occurred java.lang.Exception: Error in export
java.lang.Exception: Error in export
	at org.audiveris.omr.CLI$ProcessingTask.processBook(CLI.java:930)
	at org.audiveris.omr.CLI$CliTask.call(CLI.java:513)
	at org.audiveris.omr.Main.runBatchTasks(Main.java:370)
	at org.audiveris.omr.Main.main(Main.java:272)
	at Audiveris.main(Audiveris.java:50)
