2026-07-16 19:11:35,963 INFO [staff_page_002]                 Book.java:560  | 1 sheet in /home/flautisc0/athamu_workspace/beethoven_sym2_vln1_staff/staff_page_002.png
2026-07-16 19:11:35,994 INFO []                 Book.java:2565 | Stored /book.xml
2026-07-16 19:11:35,994 INFO []                 Book.java:2525 | Book stored as /home/flautisc0/athamu_workspace/beethoven_sym2_vln1_omr_out/staff_page_002.omr
2026-07-16 19:11:35,995 INFO []                 Book.java:1929 | Book reaching PAGE on sheets:[#1]
2026-07-16 19:11:35,996 INFO [staff_page_002]       StepMonitoring.java:98   | LOAD
2026-07-16 19:11:36,091 INFO [staff_page_002]            SheetStub.java:1278 | Loaded image #1 2210x1573 from /home/flautisc0/athamu_workspace/beethoven_sym2_vln1_staff/staff_page_002.png
2026-07-16 19:11:36,092 INFO [staff_page_002]            ImageUtil.java:152  | Converting max RGB to gray
2026-07-16 19:11:36,244 INFO [staff_page_002]                 Book.java:2565 | Stored /book.xml
2026-07-16 19:11:36,304 INFO [staff_page_002]           DataHolder.java:348  | Stored /sheet#1/GRAY.png
2026-07-16 19:11:36,305 INFO [staff_page_002]                Sheet.java:1583 | Stored /sheet#1/sheet#1.xml
2026-07-16 19:11:36,306 INFO [staff_page_002]       StepMonitoring.java:98   | BINARY
2026-07-16 19:11:36,879 INFO [staff_page_002]                 Book.java:2565 | Stored /book.xml
2026-07-16 19:11:36,880 INFO [staff_page_002]           DataHolder.java:256  | Removed /sheet#1/GRAY.png
2026-07-16 19:11:36,923 INFO [staff_page_002]           DataHolder.java:348  | Stored /sheet#1/BINARY.png
2026-07-16 19:11:36,924 INFO [staff_page_002]                Sheet.java:1583 | Stored /sheet#1/sheet#1.xml
2026-07-16 19:11:36,926 INFO [staff_page_002]       StepMonitoring.java:98   | SCALE
2026-07-16 19:11:36,956 INFO [staff_page_002]         ScaleBuilder.java:254  | Beam  guessed height:  7 -- 0.25 of [5..11] range
2026-07-16 19:11:36,957 INFO [staff_page_002]         ScaleBuilder.java:271  | Beam measured height:  7 -- 0.33 of [5..11] range at 242% of needed quorum
2026-07-16 19:11:36,957 INFO [staff_page_002]         ScaleBuilder.java:401  | Normalized black jitter: 8.33 %
2026-07-16 19:11:36,957 INFO [staff_page_002]            ScaleStep.java:65   | Scale{ interline(11,12,12) line(1,1,2) beam(7)}
2026-07-16 19:11:36,960 INFO [staff_page_002]                 Book.java:2565 | Stored /book.xml
2026-07-16 19:11:36,964 INFO [staff_page_002]                Sheet.java:1583 | Stored /sheet#1/sheet#1.xml
2026-07-16 19:11:36,966 INFO [staff_page_002]       StepMonitoring.java:98   | GRID
2026-07-16 19:11:37,529 INFO [staff_page_002]       LinesRetriever.java:1508 | Global slope: 0.00000
2026-07-16 19:11:37,578 INFO [staff_page_002]    ClustersRetriever.java:326  | Retrieved raw line clusters: 8 of sizes [5] with interline(11,12,12)
2026-07-16 19:11:37,783 INFO [staff_page_002]            PeakGraph.java:310  | Systems: #1[1, 2, 3, 4, 5, 6, 7, 8]
2026-07-16 19:11:38,077 INFO [staff_page_002]        SystemManager.java:800  | 7 parts along 1 system
2026-07-16 19:11:38,078 INFO [staff_page_002]                 Book.java:543  | Created scores: [{Score 1}]
2026-07-16 19:11:38,085 INFO [staff_page_002]                 Book.java:2565 | Stored /book.xml
2026-07-16 19:11:38,214 INFO [staff_page_002]                Sheet.java:1583 | Stored /sheet#1/sheet#1.xml
2026-07-16 19:11:38,216 INFO [staff_page_002]       StepMonitoring.java:98   | HEADERS
2026-07-16 19:11:39,763 INFO [staff_page_002]                 Book.java:2565 | Stored /book.xml
2026-07-16 19:11:39,918 INFO [staff_page_002]                Sheet.java:1583 | Stored /sheet#1/sheet#1.xml
2026-07-16 19:11:39,919 INFO [staff_page_002]       StepMonitoring.java:98   | STEM_SEEDS
2026-07-16 19:11:39,969 INFO [staff_page_002]        StemSeedsStep.java:86   | stem(2 max:2)
2026-07-16 19:11:40,045 INFO [staff_page_002]                 Book.java:2565 | Stored /book.xml
2026-07-16 19:11:40,205 INFO [staff_page_002]                Sheet.java:1583 | Stored /sheet#1/sheet#1.xml
2026-07-16 19:11:40,206 INFO [staff_page_002]       StepMonitoring.java:98   | BEAMS
2026-07-16 19:11:42,242 INFO [staff_page_002]                 Book.java:2565 | Stored /book.xml
2026-07-16 19:11:42,291 INFO [staff_page_002]           DataHolder.java:348  | Stored /sheet#1/HEAD_SPOTS.png
2026-07-16 19:11:42,683 INFO [staff_page_002]                Sheet.java:1583 | Stored /sheet#1/sheet#1.xml
2026-07-16 19:11:42,685 INFO [staff_page_002]       StepMonitoring.java:98   | LEDGERS
2026-07-16 19:11:42,896 INFO [staff_page_002]                 Book.java:2565 | Stored /book.xml
2026-07-16 19:11:43,069 INFO [staff_page_002]                Sheet.java:1583 | Stored /sheet#1/sheet#1.xml
2026-07-16 19:11:43,070 INFO [staff_page_002]       StepMonitoring.java:98   | HEADS
2026-07-16 19:11:46,002 INFO [staff_page_002]        HeadSeedTally.java:235  | Scale information: HeadSeeds{NOTEHEAD_BLACK[L:-0.2,R:-0.1]}
2026-07-16 19:11:46,006 INFO [staff_page_002]                 Book.java:2565 | Stored /book.xml
2026-07-16 19:11:46,007 INFO [staff_page_002]           DataHolder.java:256  | Removed /sheet#1/HEAD_SPOTS.png
2026-07-16 19:11:46,351 INFO [staff_page_002]                Sheet.java:1583 | Stored /sheet#1/sheet#1.xml
2026-07-16 19:11:46,353 INFO [staff_page_002]       StepMonitoring.java:98   | STEMS
2026-07-16 19:11:47,772 INFO [staff_page_002]                 Book.java:2565 | Stored /book.xml
2026-07-16 19:11:48,368 INFO [staff_page_002]                Sheet.java:1583 | Stored /sheet#1/sheet#1.xml
2026-07-16 19:11:48,370 INFO [staff_page_002]       StepMonitoring.java:98   | REDUCTION
2026-07-16 19:11:48,667 INFO [staff_page_002]        ReductionStep.java:105  | Stems free length median value: 42 pixels, 3.5 interlines
2026-07-16 19:11:48,676 INFO [staff_page_002]                 Book.java:2565 | Stored /book.xml
2026-07-16 19:11:48,942 INFO [staff_page_002]                Sheet.java:1583 | Stored /sheet#1/sheet#1.xml
2026-07-16 19:11:48,944 INFO [staff_page_002]       StepMonitoring.java:98   | CUE_BEAMS
2026-07-16 19:11:48,944 INFO [staff_page_002]         CueBeamsStep.java:81   | Step CUE_BEAMS is skipped because small heads switch is off
2026-07-16 19:11:48,947 INFO [staff_page_002]                 Book.java:2565 | Stored /book.xml
2026-07-16 19:11:49,200 INFO [staff_page_002]                Sheet.java:1583 | Stored /sheet#1/sheet#1.xml
2026-07-16 19:11:49,202 INFO [staff_page_002]       StepMonitoring.java:98   | TEXTS
2026-07-16 19:11:50,052 INFO [staff_page_002]                 Book.java:2565 | Stored /book.xml
2026-07-16 19:11:50,378 INFO [staff_page_002]                Sheet.java:1583 | Stored /sheet#1/sheet#1.xml
2026-07-16 19:11:50,379 INFO [staff_page_002]       StepMonitoring.java:98   | MEASURES
2026-07-16 19:11:50,395 INFO [staff_page_002]                 Page.java:307  | 6 raw measures: [6 in system#1]
2026-07-16 19:11:50,398 INFO [staff_page_002]                 Book.java:2565 | Stored /book.xml
2026-07-16 19:11:50,755 INFO [staff_page_002]                Sheet.java:1583 | Stored /sheet#1/sheet#1.xml
2026-07-16 19:11:50,756 INFO [staff_page_002]       StepMonitoring.java:98   | CHORDS
2026-07-16 19:11:50,789 INFO [staff_page_002]                 Book.java:2565 | Stored /book.xml
2026-07-16 19:11:51,146 INFO [staff_page_002]                Sheet.java:1583 | Stored /sheet#1/sheet#1.xml
2026-07-16 19:11:51,148 INFO [staff_page_002]       StepMonitoring.java:98   | CURVES
2026-07-16 19:11:52,154 INFO [staff_page_002]         SlursBuilder.java:240  | Slurs: 16
2026-07-16 19:11:52,186 INFO [staff_page_002]      SegmentsBuilder.java:155  | Segments: 35
2026-07-16 19:11:52,197 INFO [staff_page_002]                 Book.java:2565 | Stored /book.xml
2026-07-16 19:11:52,676 INFO [staff_page_002]                Sheet.java:1583 | Stored /sheet#1/sheet#1.xml
2026-07-16 19:11:52,678 INFO [staff_page_002]       StepMonitoring.java:98   | SYMBOLS
2026-07-16 19:11:53,384 INFO [staff_page_002]                 Book.java:2565 | Stored /book.xml
2026-07-16 19:11:54,001 INFO [staff_page_002]                Sheet.java:1583 | Stored /sheet#1/sheet#1.xml
2026-07-16 19:11:54,002 INFO [staff_page_002]       StepMonitoring.java:98   | LINKS
2026-07-16 19:11:54,076 INFO [staff_page_002]                 Book.java:2565 | Stored /book.xml
2026-07-16 19:11:54,725 INFO [staff_page_002]                Sheet.java:1583 | Stored /sheet#1/sheet#1.xml
2026-07-16 19:11:54,728 INFO [staff_page_002]       StepMonitoring.java:98   | RHYTHMS
2026-07-16 19:11:54,824 INFO [staff_page_002]                 Book.java:2565 | Stored /book.xml
2026-07-16 19:11:55,451 INFO [staff_page_002]                Sheet.java:1583 | Stored /sheet#1/sheet#1.xml
2026-07-16 19:11:55,453 INFO [staff_page_002]       StepMonitoring.java:98   | PAGE
2026-07-16 19:11:55,463 INFO [staff_page_002]                 Book.java:2565 | Stored /book.xml
2026-07-16 19:11:56,063 INFO [staff_page_002]                Sheet.java:1583 | Stored /sheet#1/sheet#1.xml
2026-07-16 19:11:56,065 INFO [staff_page_002]            SheetStub.java:1655 | Sheet disposed
2026-07-16 19:11:56,133 INFO [staff_page_002]                 Book.java:2050 | End of Stub#1
2026-07-16 19:11:56,133 INFO [staff_page_002]                 Book.java:2057 | End of Book{staff_page_002}
2026-07-16 19:11:56,774 INFO [staff_page_002]            SheetStub.java:1000 | Loaded /sheet#1/sheet#1.xml
2026-07-16 19:11:57,343 INFO [staff_page_002]      PartwiseBuilder.java:2707 | Exporting sheet(s): [#1]
2026-07-16 19:11:57,522 INFO [staff_page_002]        ScoreExporter.java:164  | Score staff_page_002 exported to /home/flautisc0/athamu_workspace/beethoven_sym2_vln1_omr_out/staff_page_002.mxl
2026-07-16 19:11:57,602 INFO [staff_page_002]                Score.java:181  | Closing {Score 1}
