2026-07-16 18:01:28,777 INFO [doc_6824e9b852a1_BlueBossa]                 Book.java:560  | 1 sheet in /home/flautisc0/.hermes/cache/documents/doc_6824e9b852a1_BlueBossa.pdf
2026-07-16 18:01:29,022 INFO []                 Book.java:2565 | Stored /book.xml
2026-07-16 18:01:29,022 INFO []                 Book.java:2525 | Book stored as /home/flautisc0/athamu_workspace/bluebossa_omr_out/doc_6824e9b852a1_BlueBossa.omr
2026-07-16 18:01:29,025 INFO []                 Book.java:1929 | Book reaching PAGE on sheets:[#1]
2026-07-16 18:01:29,026 INFO [doc_6824e9b852a1_BlueBossa]       StepMonitoring.java:98   | LOAD
2026-07-16 18:01:30,184 INFO [doc_6824e9b852a1_BlueBossa]            SheetStub.java:1278 | Loaded image #1 2479x3508 from /home/flautisc0/.hermes/cache/documents/doc_6824e9b852a1_BlueBossa.pdf
2026-07-16 18:01:30,193 INFO [doc_6824e9b852a1_BlueBossa]                 Book.java:2565 | Stored /book.xml
2026-07-16 18:01:32,088 INFO [doc_6824e9b852a1_BlueBossa]           DataHolder.java:348  | Stored /sheet#1/GRAY.png
2026-07-16 18:01:32,813 INFO [doc_6824e9b852a1_BlueBossa]                Sheet.java:1583 | Stored /sheet#1/sheet#1.xml
2026-07-16 18:01:32,815 INFO [doc_6824e9b852a1_BlueBossa]       StepMonitoring.java:98   | BINARY
2026-07-16 18:01:34,504 INFO [doc_6824e9b852a1_BlueBossa]                 Book.java:2565 | Stored /book.xml
2026-07-16 18:01:34,505 INFO [doc_6824e9b852a1_BlueBossa]           DataHolder.java:256  | Removed /sheet#1/GRAY.png
2026-07-16 18:01:34,608 INFO [doc_6824e9b852a1_BlueBossa]           DataHolder.java:348  | Stored /sheet#1/BINARY.png
2026-07-16 18:01:34,610 INFO [doc_6824e9b852a1_BlueBossa]                Sheet.java:1583 | Stored /sheet#1/sheet#1.xml
2026-07-16 18:01:34,611 INFO [doc_6824e9b852a1_BlueBossa]       StepMonitoring.java:98   | SCALE
2026-07-16 18:01:34,654 INFO [doc_6824e9b852a1_BlueBossa]         ScaleBuilder.java:254  | Beam  guessed height: 14 -- 0.25 of [11..24] range
2026-07-16 18:01:34,655 INFO [doc_6824e9b852a1_BlueBossa]         ScaleBuilder.java:271  | Beam measured height: 13 -- 0.15 of [11..24] range at 46% of needed quorum
2026-07-16 18:01:34,656 INFO [doc_6824e9b852a1_BlueBossa]         ScaleBuilder.java:401  | Normalized black jitter: 0.00 %
2026-07-16 18:01:34,656 INFO [doc_6824e9b852a1_BlueBossa]            ScaleStep.java:65   | Scale{ interline(25,25,25) line(2,2,2) beam(13)}
2026-07-16 18:01:34,660 INFO [doc_6824e9b852a1_BlueBossa]                 Book.java:2565 | Stored /book.xml
2026-07-16 18:01:34,680 INFO [doc_6824e9b852a1_BlueBossa]                Sheet.java:1583 | Stored /sheet#1/sheet#1.xml
2026-07-16 18:01:34,682 INFO [doc_6824e9b852a1_BlueBossa]       StepMonitoring.java:98   | GRID
2026-07-16 18:01:35,323 INFO [doc_6824e9b852a1_BlueBossa]       LinesRetriever.java:1508 | Global slope: 0.00000
2026-07-16 18:01:35,365 INFO [doc_6824e9b852a1_BlueBossa]    ClustersRetriever.java:326  | Retrieved raw line clusters: 10 of sizes [5] with interline(25,25,25)
2026-07-16 18:01:35,526 INFO [doc_6824e9b852a1_BlueBossa]            PeakGraph.java:310  | Systems: #1[1, 2] #2[3, 4] #3[5, 6] #4[7, 8] #5[9, 10]
2026-07-16 18:01:35,963 INFO [doc_6824e9b852a1_BlueBossa]        SystemManager.java:134  | Indentation detected for system #1
2026-07-16 18:01:35,963 INFO [doc_6824e9b852a1_BlueBossa]        SystemManager.java:800  | 1 part along 5 systems
2026-07-16 18:01:35,964 INFO [doc_6824e9b852a1_BlueBossa]                 Book.java:543  | Created scores: [{Score 1}]
2026-07-16 18:01:35,969 INFO [doc_6824e9b852a1_BlueBossa]                 Book.java:2565 | Stored /book.xml
2026-07-16 18:01:36,150 INFO [doc_6824e9b852a1_BlueBossa]                Sheet.java:1583 | Stored /sheet#1/sheet#1.xml
2026-07-16 18:01:36,152 INFO [doc_6824e9b852a1_BlueBossa]       StepMonitoring.java:98   | HEADERS
2026-07-16 18:01:38,184 INFO [doc_6824e9b852a1_BlueBossa]                 Book.java:2565 | Stored /book.xml
2026-07-16 18:01:38,373 INFO [doc_6824e9b852a1_BlueBossa]                Sheet.java:1583 | Stored /sheet#1/sheet#1.xml
2026-07-16 18:01:38,375 INFO [doc_6824e9b852a1_BlueBossa]       StepMonitoring.java:98   | STEM_SEEDS
2026-07-16 18:01:38,462 INFO [doc_6824e9b852a1_BlueBossa]        StemSeedsStep.java:86   | stem(2 max:3)
2026-07-16 18:01:38,523 INFO [doc_6824e9b852a1_BlueBossa]                 Book.java:2565 | Stored /book.xml
2026-07-16 18:01:38,707 INFO [doc_6824e9b852a1_BlueBossa]                Sheet.java:1583 | Stored /sheet#1/sheet#1.xml
2026-07-16 18:01:38,709 INFO [doc_6824e9b852a1_BlueBossa]       StepMonitoring.java:98   | BEAMS
2026-07-16 18:01:46,767 INFO [doc_6824e9b852a1_BlueBossa]                 Book.java:2565 | Stored /book.xml
2026-07-16 18:01:46,865 INFO [doc_6824e9b852a1_BlueBossa]           DataHolder.java:348  | Stored /sheet#1/HEAD_SPOTS.png
2026-07-16 18:01:47,161 INFO [doc_6824e9b852a1_BlueBossa]                Sheet.java:1583 | Stored /sheet#1/sheet#1.xml
2026-07-16 18:01:47,163 INFO [doc_6824e9b852a1_BlueBossa]       StepMonitoring.java:98   | LEDGERS
2026-07-16 18:01:47,825 INFO [doc_6824e9b852a1_BlueBossa]                 Book.java:2565 | Stored /book.xml
2026-07-16 18:01:48,114 INFO [doc_6824e9b852a1_BlueBossa]                Sheet.java:1583 | Stored /sheet#1/sheet#1.xml
2026-07-16 18:01:48,116 INFO [doc_6824e9b852a1_BlueBossa]       StepMonitoring.java:98   | HEADS
2026-07-16 18:02:00,012 INFO [doc_6824e9b852a1_BlueBossa]        HeadSeedTally.java:235  | Scale information: HeadSeeds{NOTEHEAD_BLACK[L:-0.5,R:-0.4]}
2026-07-16 18:02:00,060 INFO [doc_6824e9b852a1_BlueBossa]                 Book.java:2565 | Stored /book.xml
2026-07-16 18:02:00,066 INFO [doc_6824e9b852a1_BlueBossa]           DataHolder.java:256  | Removed /sheet#1/HEAD_SPOTS.png
2026-07-16 18:02:00,517 INFO [doc_6824e9b852a1_BlueBossa]                Sheet.java:1583 | Stored /sheet#1/sheet#1.xml
2026-07-16 18:02:00,519 INFO [doc_6824e9b852a1_BlueBossa]       StepMonitoring.java:98   | STEMS
2026-07-16 18:02:00,904 INFO [doc_6824e9b852a1_BlueBossa]                 Book.java:2565 | Stored /book.xml
2026-07-16 18:02:01,389 INFO [doc_6824e9b852a1_BlueBossa]                Sheet.java:1583 | Stored /sheet#1/sheet#1.xml
2026-07-16 18:02:01,391 INFO [doc_6824e9b852a1_BlueBossa]       StepMonitoring.java:98   | REDUCTION
2026-07-16 18:02:01,502 INFO [doc_6824e9b852a1_BlueBossa]        ReductionStep.java:105  | Stems free length median value: 88 pixels, 3.5 interlines
2026-07-16 18:02:01,510 INFO [doc_6824e9b852a1_BlueBossa]                 Book.java:2565 | Stored /book.xml
2026-07-16 18:02:01,644 INFO [doc_6824e9b852a1_BlueBossa]                Sheet.java:1583 | Stored /sheet#1/sheet#1.xml
2026-07-16 18:02:01,646 INFO [doc_6824e9b852a1_BlueBossa]       StepMonitoring.java:98   | CUE_BEAMS
2026-07-16 18:02:01,646 INFO [doc_6824e9b852a1_BlueBossa]         CueBeamsStep.java:81   | Step CUE_BEAMS is skipped because small heads switch is off
2026-07-16 18:02:01,648 INFO [doc_6824e9b852a1_BlueBossa]                 Book.java:2565 | Stored /book.xml
2026-07-16 18:02:01,777 INFO [doc_6824e9b852a1_BlueBossa]                Sheet.java:1583 | Stored /sheet#1/sheet#1.xml
2026-07-16 18:02:01,778 INFO [doc_6824e9b852a1_BlueBossa]       StepMonitoring.java:98   | TEXTS
2026-07-16 18:02:03,703 INFO [doc_6824e9b852a1_BlueBossa]                 Book.java:2565 | Stored /book.xml
2026-07-16 18:02:03,875 INFO [doc_6824e9b852a1_BlueBossa]                Sheet.java:1583 | Stored /sheet#1/sheet#1.xml
2026-07-16 18:02:03,877 INFO [doc_6824e9b852a1_BlueBossa]       StepMonitoring.java:98   | MEASURES
2026-07-16 18:02:03,907 INFO [doc_6824e9b852a1_BlueBossa]                 Page.java:307  | 17 raw measures: [4 in system#1, 4 in system#2, 4 in system#3, 4 in system#4, 1 in system#5]
2026-07-16 18:02:03,909 INFO [doc_6824e9b852a1_BlueBossa]                 Book.java:2565 | Stored /book.xml
2026-07-16 18:02:04,084 INFO [doc_6824e9b852a1_BlueBossa]                Sheet.java:1583 | Stored /sheet#1/sheet#1.xml
2026-07-16 18:02:04,086 INFO [doc_6824e9b852a1_BlueBossa]       StepMonitoring.java:98   | CHORDS
2026-07-16 18:02:04,112 INFO [doc_6824e9b852a1_BlueBossa]                 Book.java:2565 | Stored /book.xml
2026-07-16 18:02:04,290 INFO [doc_6824e9b852a1_BlueBossa]                Sheet.java:1583 | Stored /sheet#1/sheet#1.xml
2026-07-16 18:02:04,292 INFO [doc_6824e9b852a1_BlueBossa]       StepMonitoring.java:98   | CURVES
2026-07-16 18:02:06,579 INFO [doc_6824e9b852a1_BlueBossa]         SlursBuilder.java:240  | Slurs: 12
2026-07-16 18:02:06,602 INFO [doc_6824e9b852a1_BlueBossa]      SegmentsBuilder.java:155  | Segments: 8
2026-07-16 18:02:06,616 INFO [doc_6824e9b852a1_BlueBossa]                 Book.java:2565 | Stored /book.xml
2026-07-16 18:02:07,495 INFO [doc_6824e9b852a1_BlueBossa]                Sheet.java:1583 | Stored /sheet#1/sheet#1.xml
2026-07-16 18:02:07,497 INFO [doc_6824e9b852a1_BlueBossa]       StepMonitoring.java:98   | SYMBOLS
2026-07-16 18:02:08,756 INFO [doc_6824e9b852a1_BlueBossa]                 Book.java:2565 | Stored /book.xml
2026-07-16 18:02:09,779 INFO [doc_6824e9b852a1_BlueBossa]                Sheet.java:1583 | Stored /sheet#1/sheet#1.xml
2026-07-16 18:02:09,781 INFO [doc_6824e9b852a1_BlueBossa]       StepMonitoring.java:98   | LINKS
2026-07-16 18:02:09,788 INFO [doc_6824e9b852a1_BlueBossa]             KeyInter.java:1331 | Key built KeyInter#2710{(0.970) staff:1 KEY_FLAT_3 pitch:-1.2 fifths:-3}
2026-07-16 18:02:09,800 INFO [doc_6824e9b852a1_BlueBossa]             KeyInter.java:1331 | Key built KeyInter#2714{(0.972) staff:3 KEY_FLAT_3 pitch:-1.2 fifths:-3}
2026-07-16 18:02:09,809 INFO [doc_6824e9b852a1_BlueBossa]             KeyInter.java:1331 | Key built KeyInter#2718{(0.972) staff:5 KEY_FLAT_3 pitch:-1.2 fifths:-3}
2026-07-16 18:02:09,934 INFO [doc_6824e9b852a1_BlueBossa]             KeyInter.java:1331 | Key built KeyInter#2722{(0.972) staff:7 KEY_FLAT_3 pitch:-1.2 fifths:-3}
2026-07-16 18:02:09,948 INFO [doc_6824e9b852a1_BlueBossa]             KeyInter.java:1331 | Key built KeyInter#2726{(0.972) staff:9 KEY_FLAT_3 pitch:-1.2 fifths:-3}
2026-07-16 18:02:09,960 INFO [doc_6824e9b852a1_BlueBossa]                 Book.java:2565 | Stored /book.xml
2026-07-16 18:02:10,962 INFO [doc_6824e9b852a1_BlueBossa]                Sheet.java:1583 | Stored /sheet#1/sheet#1.xml
2026-07-16 18:02:10,964 INFO [doc_6824e9b852a1_BlueBossa]       StepMonitoring.java:98   | RHYTHMS
2026-07-16 18:02:11,066 INFO [doc_6824e9b852a1_BlueBossa]                 Book.java:2565 | Stored /book.xml
2026-07-16 18:02:11,440 INFO [doc_6824e9b852a1_BlueBossa]                Sheet.java:1583 | Stored /sheet#1/sheet#1.xml
2026-07-16 18:02:11,442 INFO [doc_6824e9b852a1_BlueBossa]       StepMonitoring.java:98   | PAGE
2026-07-16 18:02:11,525 WARN [doc_6824e9b852a1_BlueBossa]         MeasureFixer.java:343  | System#1 No target duration for measures local IDs [1, 2, 3, 4], please check time signatures
2026-07-16 18:02:11,526 WARN [doc_6824e9b852a1_BlueBossa]         MeasureFixer.java:343  | System#2 No target duration for measures local IDs [5, 6, 7, 8], please check time signatures
2026-07-16 18:02:11,527 WARN [doc_6824e9b852a1_BlueBossa]         MeasureFixer.java:343  | System#3 No target duration for measures local IDs [9, 10, 11, 12], please check time signatures
2026-07-16 18:02:11,528 WARN [doc_6824e9b852a1_BlueBossa]         MeasureFixer.java:343  | System#4 No target duration for measures local IDs [13, 14, 15, 16], please check time signatures
2026-07-16 18:02:11,528 WARN [doc_6824e9b852a1_BlueBossa]         MeasureFixer.java:343  | System#5 No target duration for measures local IDs [17], please check time signatures
2026-07-16 18:02:11,533 INFO [doc_6824e9b852a1_BlueBossa]                 Book.java:2565 | Stored /book.xml
2026-07-16 18:02:11,885 INFO [doc_6824e9b852a1_BlueBossa]                Sheet.java:1583 | Stored /sheet#1/sheet#1.xml
2026-07-16 18:02:11,887 INFO [doc_6824e9b852a1_BlueBossa]            SheetStub.java:1655 | Sheet disposed
2026-07-16 18:02:11,946 INFO [doc_6824e9b852a1_BlueBossa]                 Book.java:2050 | End of Stub#1
2026-07-16 18:02:11,948 INFO [doc_6824e9b852a1_BlueBossa]                 Book.java:2057 | End of Book{doc_6824e9b852a1_BlueBossa}
2026-07-16 18:02:12,951 INFO [doc_6824e9b852a1_BlueBossa]            SheetStub.java:1000 | Loaded /sheet#1/sheet#1.xml
2026-07-16 18:02:14,935 INFO [doc_6824e9b852a1_BlueBossa]      PartwiseBuilder.java:2707 | Exporting sheet(s): [#1]
2026-07-16 18:02:14,957 WARN [doc_6824e9b852a1_BlueBossa]      PartwiseBuilder.java:532  | Error checking octave-shift LEFT side on HeadChordInter#1598{(0.873/0.873) staff:1 slot#1 off:0 dur:1/2}
java.lang.IllegalArgumentException: no such vertex in graph: HeadChordInter#1598{(0.873/0.873) staff:1 slot#1 off:0 dur:1/2}
	at org.jgrapht.graph.AbstractGraph.assertVertexExist(AbstractGraph.java:130)
	at org.jgrapht.graph.AbstractBaseGraph.edgesOf(AbstractBaseGraph.java:438)
	at org.jgrapht.graph.GraphDelegator.edgesOf(GraphDelegator.java:230)
	at org.audiveris.omr.sig.SIGraph.getRelations(SIGraph.java:753)
	at org.audiveris.omr.score.PartwiseBuilder.checkOctaveShift(PartwiseBuilder.java:475)
	at org.audiveris.omr.score.PartwiseBuilder.processChord(PartwiseBuilder.java:1390)
	at org.audiveris.omr.score.PartwiseBuilder.processMeasure(PartwiseBuilder.java:2136)
	at org.audiveris.omr.score.PartwiseBuilder.processMeasure(PartwiseBuilder.java:2215)
	at org.audiveris.omr.score.PartwiseBuilder.processPart(PartwiseBuilder.java:2678)
	at org.audiveris.omr.score.PartwiseBuilder.processSystem(PartwiseBuilder.java:3223)
	at org.audiveris.omr.score.PartwiseBuilder.processLogicalPart(PartwiseBuilder.java:1875)
	at org.audiveris.omr.score.PartwiseBuilder.processStub(PartwiseBuilder.java:3174)
	at org.audiveris.omr.score.PartwiseBuilder.processPartList(PartwiseBuilder.java:2710)
	at org.audiveris.omr.score.PartwiseBuilder.processScore(PartwiseBuilder.java:2985)
	at org.audiveris.omr.score.PartwiseBuilder.build(PartwiseBuilder.java:3543)
	at org.audiveris.omr.score.ScoreExporter.export(ScoreExporter.java:122)
	at org.audiveris.omr.score.ScoreExporter.export(ScoreExporter.java:163)
	at org.audiveris.omr.sheet.Book.export(Book.java:630)
	at org.audiveris.omr.CLI$ProcessingTask.processBook(CLI.java:927)
	at org.audiveris.omr.CLI$CliTask.call(CLI.java:513)
	at org.audiveris.omr.Main.runBatchTasks(Main.java:370)
	at org.audiveris.omr.Main.main(Main.java:272)
	at Audiveris.main(Audiveris.java:50)
2026-07-16 18:02:15,019 WARN [doc_6824e9b852a1_BlueBossa]      PartwiseBuilder.java:532  | Error checking octave-shift RIGHT side on HeadChordInter#1598{(0.873/0.873) staff:1 slot#1 off:0 dur:1/2}
java.lang.IllegalArgumentException: no such vertex in graph: HeadChordInter#1598{(0.873/0.873) staff:1 slot#1 off:0 dur:1/2}
	at org.jgrapht.graph.AbstractGraph.assertVertexExist(AbstractGraph.java:130)
	at org.jgrapht.graph.AbstractBaseGraph.edgesOf(AbstractBaseGraph.java:438)
	at org.jgrapht.graph.GraphDelegator.edgesOf(GraphDelegator.java:230)
	at org.audiveris.omr.sig.SIGraph.getRelations(SIGraph.java:753)
	at org.audiveris.omr.score.PartwiseBuilder.checkOctaveShift(PartwiseBuilder.java:475)
	at org.audiveris.omr.score.PartwiseBuilder.processChord(PartwiseBuilder.java:1396)
	at org.audiveris.omr.score.PartwiseBuilder.processMeasure(PartwiseBuilder.java:2136)
	at org.audiveris.omr.score.PartwiseBuilder.processMeasure(PartwiseBuilder.java:2215)
	at org.audiveris.omr.score.PartwiseBuilder.processPart(PartwiseBuilder.java:2678)
	at org.audiveris.omr.score.PartwiseBuilder.processSystem(PartwiseBuilder.java:3223)
	at org.audiveris.omr.score.PartwiseBuilder.processLogicalPart(PartwiseBuilder.java:1875)
	at org.audiveris.omr.score.PartwiseBuilder.processStub(PartwiseBuilder.java:3174)
	at org.audiveris.omr.score.PartwiseBuilder.processPartList(PartwiseBuilder.java:2710)
	at org.audiveris.omr.score.PartwiseBuilder.processScore(PartwiseBuilder.java:2985)
	at org.audiveris.omr.score.PartwiseBuilder.build(PartwiseBuilder.java:3543)
	at org.audiveris.omr.score.ScoreExporter.export(ScoreExporter.java:122)
	at org.audiveris.omr.score.ScoreExporter.export(ScoreExporter.java:163)
	at org.audiveris.omr.sheet.Book.export(Book.java:630)
	at org.audiveris.omr.CLI$ProcessingTask.processBook(CLI.java:927)
	at org.audiveris.omr.CLI$CliTask.call(CLI.java:513)
	at org.audiveris.omr.Main.runBatchTasks(Main.java:370)
	at org.audiveris.omr.Main.main(Main.java:272)
	at Audiveris.main(Audiveris.java:50)
2026-07-16 18:02:15,021 WARN [doc_6824e9b852a1_BlueBossa]      PartwiseBuilder.java:532  | Error checking octave-shift LEFT side on HeadChordInter#1599{(0.933/0.933) staff:1 slot#2 off:1/2 dur:3/8}
java.lang.IllegalArgumentException: no such vertex in graph: HeadChordInter#1599{(0.933/0.933) staff:1 slot#2 off:1/2 dur:3/8}
	at org.jgrapht.graph.AbstractGraph.assertVertexExist(AbstractGraph.java:130)
	at org.jgrapht.graph.AbstractBaseGraph.edgesOf(AbstractBaseGraph.java:438)
	at org.jgrapht.graph.GraphDelegator.edgesOf(GraphDelegator.java:230)
	at org.audiveris.omr.sig.SIGraph.getRelations(SIGraph.java:753)
	at org.audiveris.omr.score.PartwiseBuilder.checkOctaveShift(PartwiseBuilder.java:475)
	at org.audiveris.omr.score.PartwiseBuilder.processChord(PartwiseBuilder.java:1390)
	at org.audiveris.omr.score.PartwiseBuilder.processMeasure(PartwiseBuilder.java:2136)
	at org.audiveris.omr.score.PartwiseBuilder.processMeasure(PartwiseBuilder.java:2215)
	at org.audiveris.omr.score.PartwiseBuilder.processPart(PartwiseBuilder.java:2678)
	at org.audiveris.omr.score.PartwiseBuilder.processSystem(PartwiseBuilder.java:3223)
	at org.audiveris.omr.score.PartwiseBuilder.processLogicalPart(PartwiseBuilder.java:1875)
	at org.audiveris.omr.score.PartwiseBuilder.processStub(PartwiseBuilder.java:3174)
	at org.audiveris.omr.score.PartwiseBuilder.processPartList(PartwiseBuilder.java:2710)
	at org.audiveris.omr.score.PartwiseBuilder.processScore(PartwiseBuilder.java:2985)
	at org.audiveris.omr.score.PartwiseBuilder.build(PartwiseBuilder.java:3543)
	at org.audiveris.omr.score.ScoreExporter.export(ScoreExporter.java:122)
	at org.audiveris.omr.score.ScoreExporter.export(ScoreExporter.java:163)
	at org.audiveris.omr.sheet.Book.export(Book.java:630)
	at org.audiveris.omr.CLI$ProcessingTask.processBook(CLI.java:927)
	at org.audiveris.omr.CLI$CliTask.call(CLI.java:513)
	at org.audiveris.omr.Main.runBatchTasks(Main.java:370)
	at org.audiveris.omr.Main.main(Main.java:272)
	at Audiveris.main(Audiveris.java:50)
2026-07-16 18:02:15,023 WARN [doc_6824e9b852a1_BlueBossa]      PartwiseBuilder.java:532  | Error checking octave-shift RIGHT side on HeadChordInter#1599{(0.933/0.933) staff:1 slot#2 off:1/2 dur:3/8}
java.lang.IllegalArgumentException: no such vertex in graph: HeadChordInter#1599{(0.933/0.933) staff:1 slot#2 off:1/2 dur:3/8}
	at org.jgrapht.graph.AbstractGraph.assertVertexExist(AbstractGraph.java:130)
	at org.jgrapht.graph.AbstractBaseGraph.edgesOf(AbstractBaseGraph.java:438)
	at org.jgrapht.graph.GraphDelegator.edgesOf(GraphDelegator.java:230)
	at org.audiveris.omr.sig.SIGraph.getRelations(SIGraph.java:753)
	at org.audiveris.omr.score.PartwiseBuilder.checkOctaveShift(PartwiseBuilder.java:475)
	at org.audiveris.omr.score.PartwiseBuilder.processChord(PartwiseBuilder.java:1396)
	at org.audiveris.omr.score.PartwiseBuilder.processMeasure(PartwiseBuilder.java:2136)
	at org.audiveris.omr.score.PartwiseBuilder.processMeasure(PartwiseBuilder.java:2215)
	at org.audiveris.omr.score.PartwiseBuilder.processPart(PartwiseBuilder.java:2678)
	at org.audiveris.omr.score.PartwiseBuilder.processSystem(PartwiseBuilder.java:3223)
	at org.audiveris.omr.score.PartwiseBuilder.processLogicalPart(PartwiseBuilder.java:1875)
	at org.audiveris.omr.score.PartwiseBuilder.processStub(PartwiseBuilder.java:3174)
	at org.audiveris.omr.score.PartwiseBuilder.processPartList(PartwiseBuilder.java:2710)
	at org.audiveris.omr.score.PartwiseBuilder.processScore(PartwiseBuilder.java:2985)
	at org.audiveris.omr.score.PartwiseBuilder.build(PartwiseBuilder.java:3543)
	at org.audiveris.omr.score.ScoreExporter.export(ScoreExporter.java:122)
	at org.audiveris.omr.score.ScoreExporter.export(ScoreExporter.java:163)
	at org.audiveris.omr.sheet.Book.export(Book.java:630)
	at org.audiveris.omr.CLI$ProcessingTask.processBook(CLI.java:927)
	at org.audiveris.omr.CLI$CliTask.call(CLI.java:513)
	at org.audiveris.omr.Main.runBatchTasks(Main.java:370)
	at org.audiveris.omr.Main.main(Main.java:272)
	at Audiveris.main(Audiveris.java:50)
2026-07-16 18:02:15,025 WARN [doc_6824e9b852a1_BlueBossa]      PartwiseBuilder.java:532  | Error checking octave-shift LEFT side on HeadChordInter#1600{(0.938/0.938) staff:1 slot#3 off:7/8 dur:1/8}
java.lang.IllegalArgumentException: no such vertex in graph: HeadChordInter#1600{(0.938/0.938) staff:1 slot#3 off:7/8 dur:1/8}
	at org.jgrapht.graph.AbstractGraph.assertVertexExist(AbstractGraph.java:130)
	at org.jgrapht.graph.AbstractBaseGraph.edgesOf(AbstractBaseGraph.java:438)
	at org.jgrapht.graph.GraphDelegator.edgesOf(GraphDelegator.java:230)
	at org.audiveris.omr.sig.SIGraph.getRelations(SIGraph.java:753)
	at org.audiveris.omr.score.PartwiseBuilder.checkOctaveShift(PartwiseBuilder.java:475)
	at org.audiveris.omr.score.PartwiseBuilder.processChord(PartwiseBuilder.java:1390)
	at org.audiveris.omr.score.PartwiseBuilder.processMeasure(PartwiseBuilder.java:2136)
	at org.audiveris.omr.score.PartwiseBuilder.processMeasure(PartwiseBuilder.java:2215)
	at org.audiveris.omr.score.PartwiseBuilder.processPart(PartwiseBuilder.java:2678)
	at org.audiveris.omr.score.PartwiseBuilder.processSystem(PartwiseBuilder.java:3223)
	at org.audiveris.omr.score.PartwiseBuilder.processLogicalPart(PartwiseBuilder.java:1875)
	at org.audiveris.omr.score.PartwiseBuilder.processStub(PartwiseBuilder.java:3174)
	at org.audiveris.omr.score.PartwiseBuilder.processPartList(PartwiseBuilder.java:2710)
	at org.audiveris.omr.score.PartwiseBuilder.processScore(PartwiseBuilder.java:2985)
	at org.audiveris.omr.score.PartwiseBuilder.build(PartwiseBuilder.java:3543)
	at org.audiveris.omr.score.ScoreExporter.export(ScoreExporter.java:122)
	at org.audiveris.omr.score.ScoreExporter.export(ScoreExporter.java:163)
	at org.audiveris.omr.sheet.Book.export(Book.java:630)
	at org.audiveris.omr.CLI$ProcessingTask.processBook(CLI.java:927)
	at org.audiveris.omr.CLI$CliTask.call(CLI.java:513)
	at org.audiveris.omr.Main.runBatchTasks(Main.java:370)
	at org.audiveris.omr.Main.main(Main.java:272)
	at Audiveris.main(Audiveris.java:50)
2026-07-16 18:02:15,027 WARN [doc_6824e9b852a1_BlueBossa]      PartwiseBuilder.java:532  | Error checking octave-shift RIGHT side on HeadChordInter#1600{(0.938/0.938) staff:1 slot#3 off:7/8 dur:1/8}
java.lang.IllegalArgumentException: no such vertex in graph: HeadChordInter#1600{(0.938/0.938) staff:1 slot#3 off:7/8 dur:1/8}
	at org.jgrapht.graph.AbstractGraph.assertVertexExist(AbstractGraph.java:130)
	at org.jgrapht.graph.AbstractBaseGraph.edgesOf(AbstractBaseGraph.java:438)
	at org.jgrapht.graph.GraphDelegator.edgesOf(GraphDelegator.java:230)
	at org.audiveris.omr.sig.SIGraph.getRelations(SIGraph.java:753)
	at org.audiveris.omr.score.PartwiseBuilder.checkOctaveShift(PartwiseBuilder.java:475)
	at org.audiveris.omr.score.PartwiseBuilder.processChord(PartwiseBuilder.java:1396)
	at org.audiveris.omr.score.PartwiseBuilder.processMeasure(PartwiseBuilder.java:2136)
	at org.audiveris.omr.score.PartwiseBuilder.processMeasure(PartwiseBuilder.java:2215)
	at org.audiveris.omr.score.PartwiseBuilder.processPart(PartwiseBuilder.java:2678)
	at org.audiveris.omr.score.PartwiseBuilder.processSystem(PartwiseBuilder.java:3223)
	at org.audiveris.omr.score.PartwiseBuilder.processLogicalPart(PartwiseBuilder.java:1875)
	at org.audiveris.omr.score.PartwiseBuilder.processStub(PartwiseBuilder.java:3174)
	at org.audiveris.omr.score.PartwiseBuilder.processPartList(PartwiseBuilder.java:2710)
	at org.audiveris.omr.score.PartwiseBuilder.processScore(PartwiseBuilder.java:2985)
	at org.audiveris.omr.score.PartwiseBuilder.build(PartwiseBuilder.java:3543)
	at org.audiveris.omr.score.ScoreExporter.export(ScoreExporter.java:122)
	at org.audiveris.omr.score.ScoreExporter.export(ScoreExporter.java:163)
	at org.audiveris.omr.sheet.Book.export(Book.java:630)
	at org.audiveris.omr.CLI$ProcessingTask.processBook(CLI.java:927)
	at org.audiveris.omr.CLI$CliTask.call(CLI.java:513)
	at org.audiveris.omr.Main.runBatchTasks(Main.java:370)
	at org.audiveris.omr.Main.main(Main.java:272)
	at Audiveris.main(Audiveris.java:50)
2026-07-16 18:02:15,035 WARN [doc_6824e9b852a1_BlueBossa]      PartwiseBuilder.java:532  | Error checking octave-shift LEFT side on HeadChordInter#1608{(0.914/0.914) staff:3 slot#1 off:0 dur:1/2}
java.lang.IllegalArgumentException: no such vertex in graph: HeadChordInter#1608{(0.914/0.914) staff:3 slot#1 off:0 dur:1/2}
	at org.jgrapht.graph.AbstractGraph.assertVertexExist(AbstractGraph.java:130)
	at org.jgrapht.graph.AbstractBaseGraph.edgesOf(AbstractBaseGraph.java:438)
	at org.jgrapht.graph.GraphDelegator.edgesOf(GraphDelegator.java:230)
	at org.audiveris.omr.sig.SIGraph.getRelations(SIGraph.java:753)
	at org.audiveris.omr.score.PartwiseBuilder.checkOctaveShift(PartwiseBuilder.java:475)
	at org.audiveris.omr.score.PartwiseBuilder.processChord(PartwiseBuilder.java:1390)
	at org.audiveris.omr.score.PartwiseBuilder.processMeasure(PartwiseBuilder.java:2136)
	at org.audiveris.omr.score.PartwiseBuilder.processMeasure(PartwiseBuilder.java:2215)
	at org.audiveris.omr.score.PartwiseBuilder.processPart(PartwiseBuilder.java:2678)
	at org.audiveris.omr.score.PartwiseBuilder.processSystem(PartwiseBuilder.java:3223)
	at org.audiveris.omr.score.PartwiseBuilder.processLogicalPart(PartwiseBuilder.java:1875)
	at org.audiveris.omr.score.PartwiseBuilder.processStub(PartwiseBuilder.java:3174)
	at org.audiveris.omr.score.PartwiseBuilder.processPartList(PartwiseBuilder.java:2710)
	at org.audiveris.omr.score.PartwiseBuilder.processScore(PartwiseBuilder.java:2985)
	at org.audiveris.omr.score.PartwiseBuilder.build(PartwiseBuilder.java:3543)
	at org.audiveris.omr.score.ScoreExporter.export(ScoreExporter.java:122)
	at org.audiveris.omr.score.ScoreExporter.export(ScoreExporter.java:163)
	at org.audiveris.omr.sheet.Book.export(Book.java:630)
	at org.audiveris.omr.CLI$ProcessingTask.processBook(CLI.java:927)
	at org.audiveris.omr.CLI$CliTask.call(CLI.java:513)
	at org.audiveris.omr.Main.runBatchTasks(Main.java:370)
	at org.audiveris.omr.Main.main(Main.java:272)
	at Audiveris.main(Audiveris.java:50)
2026-07-16 18:02:15,037 WARN [doc_6824e9b852a1_BlueBossa]      PartwiseBuilder.java:532  | Error checking octave-shift RIGHT side on HeadChordInter#1608{(0.914/0.914) staff:3 slot#1 off:0 dur:1/2}
java.lang.IllegalArgumentException: no such vertex in graph: HeadChordInter#1608{(0.914/0.914) staff:3 slot#1 off:0 dur:1/2}
	at org.jgrapht.graph.AbstractGraph.assertVertexExist(AbstractGraph.java:130)
	at org.jgrapht.graph.AbstractBaseGraph.edgesOf(AbstractBaseGraph.java:438)
	at org.jgrapht.graph.GraphDelegator.edgesOf(GraphDelegator.java:230)
	at org.audiveris.omr.sig.SIGraph.getRelations(SIGraph.java:753)
	at org.audiveris.omr.score.PartwiseBuilder.checkOctaveShift(PartwiseBuilder.java:475)
	at org.audiveris.omr.score.PartwiseBuilder.processChord(PartwiseBuilder.java:1396)
	at org.audiveris.omr.score.PartwiseBuilder.processMeasure(PartwiseBuilder.java:2136)
	at org.audiveris.omr.score.PartwiseBuilder.processMeasure(PartwiseBuilder.java:2215)
	at org.audiveris.omr.score.PartwiseBuilder.processPart(PartwiseBuilder.java:2678)
	at org.audiveris.omr.score.PartwiseBuilder.processSystem(PartwiseBuilder.java:3223)
	at org.audiveris.omr.score.PartwiseBuilder.processLogicalPart(PartwiseBuilder.java:1875)
	at org.audiveris.omr.score.PartwiseBuilder.processStub(PartwiseBuilder.java:3174)
	at org.audiveris.omr.score.PartwiseBuilder.processPartList(PartwiseBuilder.java:2710)
	at org.audiveris.omr.score.PartwiseBuilder.processScore(PartwiseBuilder.java:2985)
	at org.audiveris.omr.score.PartwiseBuilder.build(PartwiseBuilder.java:3543)
	at org.audiveris.omr.score.ScoreExporter.export(ScoreExporter.java:122)
	at org.audiveris.omr.score.ScoreExporter.export(ScoreExporter.java:163)
	at org.audiveris.omr.sheet.Book.export(Book.java:630)
	at org.audiveris.omr.CLI$ProcessingTask.processBook(CLI.java:927)
	at org.audiveris.omr.CLI$CliTask.call(CLI.java:513)
	at org.audiveris.omr.Main.runBatchTasks(Main.java:370)
	at org.audiveris.omr.Main.main(Main.java:272)
	at Audiveris.main(Audiveris.java:50)
2026-07-16 18:02:15,039 WARN [doc_6824e9b852a1_BlueBossa]      PartwiseBuilder.java:532  | Error checking octave-shift LEFT side on HeadChordInter#1609{(0.940/0.940) staff:3 slot#2 off:1/2 dur:3/8}
java.lang.IllegalArgumentException: no such vertex in graph: HeadChordInter#1609{(0.940/0.940) staff:3 slot#2 off:1/2 dur:3/8}
	at org.jgrapht.graph.AbstractGraph.assertVertexExist(AbstractGraph.java:130)
	at org.jgrapht.graph.AbstractBaseGraph.edgesOf(AbstractBaseGraph.java:438)
	at org.jgrapht.graph.GraphDelegator.edgesOf(GraphDelegator.java:230)
	at org.audiveris.omr.sig.SIGraph.getRelations(SIGraph.java:753)
	at org.audiveris.omr.score.PartwiseBuilder.checkOctaveShift(PartwiseBuilder.java:475)
	at org.audiveris.omr.score.PartwiseBuilder.processChord(PartwiseBuilder.java:1390)
	at org.audiveris.omr.score.PartwiseBuilder.processMeasure(PartwiseBuilder.java:2136)
	at org.audiveris.omr.score.PartwiseBuilder.processMeasure(PartwiseBuilder.java:2215)
	at org.audiveris.omr.score.PartwiseBuilder.processPart(PartwiseBuilder.java:2678)
	at org.audiveris.omr.score.PartwiseBuilder.processSystem(PartwiseBuilder.java:3223)
	at org.audiveris.omr.score.PartwiseBuilder.processLogicalPart(PartwiseBuilder.java:1875)
	at org.audiveris.omr.score.PartwiseBuilder.processStub(PartwiseBuilder.java:3174)
	at org.audiveris.omr.score.PartwiseBuilder.processPartList(PartwiseBuilder.java:2710)
	at org.audiveris.omr.score.PartwiseBuilder.processScore(PartwiseBuilder.java:2985)
	at org.audiveris.omr.score.PartwiseBuilder.build(PartwiseBuilder.java:3543)
	at org.audiveris.omr.score.ScoreExporter.export(ScoreExporter.java:122)
	at org.audiveris.omr.score.ScoreExporter.export(ScoreExporter.java:163)
	at org.audiveris.omr.sheet.Book.export(Book.java:630)
	at org.audiveris.omr.CLI$ProcessingTask.processBook(CLI.java:927)
	at org.audiveris.omr.CLI$CliTask.call(CLI.java:513)
	at org.audiveris.omr.Main.runBatchTasks(Main.java:370)
	at org.audiveris.omr.Main.main(Main.java:272)
	at Audiveris.main(Audiveris.java:50)
2026-07-16 18:02:15,041 WARN [doc_6824e9b852a1_BlueBossa]      PartwiseBuilder.java:532  | Error checking octave-shift RIGHT side on HeadChordInter#1609{(0.940/0.940) staff:3 slot#2 off:1/2 dur:3/8}
java.lang.IllegalArgumentException: no such vertex in graph: HeadChordInter#1609{(0.940/0.940) staff:3 slot#2 off:1/2 dur:3/8}
	at org.jgrapht.graph.AbstractGraph.assertVertexExist(AbstractGraph.java:130)
	at org.jgrapht.graph.AbstractBaseGraph.edgesOf(AbstractBaseGraph.java:438)
	at org.jgrapht.graph.GraphDelegator.edgesOf(GraphDelegator.java:230)
	at org.audiveris.omr.sig.SIGraph.getRelations(SIGraph.java:753)
	at org.audiveris.omr.score.PartwiseBuilder.checkOctaveShift(PartwiseBuilder.java:475)
	at org.audiveris.omr.score.PartwiseBuilder.processChord(PartwiseBuilder.java:1396)
	at org.audiveris.omr.score.PartwiseBuilder.processMeasure(PartwiseBuilder.java:2136)
	at org.audiveris.omr.score.PartwiseBuilder.processMeasure(PartwiseBuilder.java:2215)
	at org.audiveris.omr.score.PartwiseBuilder.processPart(PartwiseBuilder.java:2678)
	at org.audiveris.omr.score.PartwiseBuilder.processSystem(PartwiseBuilder.java:3223)
	at org.audiveris.omr.score.PartwiseBuilder.processLogicalPart(PartwiseBuilder.java:1875)
	at org.audiveris.omr.score.PartwiseBuilder.processStub(PartwiseBuilder.java:3174)
	at org.audiveris.omr.score.PartwiseBuilder.processPartList(PartwiseBuilder.java:2710)
	at org.audiveris.omr.score.PartwiseBuilder.processScore(PartwiseBuilder.java:2985)
	at org.audiveris.omr.score.PartwiseBuilder.build(PartwiseBuilder.java:3543)
	at org.audiveris.omr.score.ScoreExporter.export(ScoreExporter.java:122)
	at org.audiveris.omr.score.ScoreExporter.export(ScoreExporter.java:163)
	at org.audiveris.omr.sheet.Book.export(Book.java:630)
	at org.audiveris.omr.CLI$ProcessingTask.processBook(CLI.java:927)
	at org.audiveris.omr.CLI$CliTask.call(CLI.java:513)
	at org.audiveris.omr.Main.runBatchTasks(Main.java:370)
	at org.audiveris.omr.Main.main(Main.java:272)
	at Audiveris.main(Audiveris.java:50)
2026-07-16 18:02:15,042 WARN [doc_6824e9b852a1_BlueBossa]      PartwiseBuilder.java:532  | Error checking octave-shift LEFT side on HeadChordInter#1610{(0.935/0.935) staff:3 slot#3 off:7/8 dur:1/8}
java.lang.IllegalArgumentException: no such vertex in graph: HeadChordInter#1610{(0.935/0.935) staff:3 slot#3 off:7/8 dur:1/8}
	at org.jgrapht.graph.AbstractGraph.assertVertexExist(AbstractGraph.java:130)
	at org.jgrapht.graph.AbstractBaseGraph.edgesOf(AbstractBaseGraph.java:438)
	at org.jgrapht.graph.GraphDelegator.edgesOf(GraphDelegator.java:230)
	at org.audiveris.omr.sig.SIGraph.getRelations(SIGraph.java:753)
	at org.audiveris.omr.score.PartwiseBuilder.checkOctaveShift(PartwiseBuilder.java:475)
	at org.audiveris.omr.score.PartwiseBuilder.processChord(PartwiseBuilder.java:1390)
	at org.audiveris.omr.score.PartwiseBuilder.processMeasure(PartwiseBuilder.java:2136)
	at org.audiveris.omr.score.PartwiseBuilder.processMeasure(PartwiseBuilder.java:2215)
	at org.audiveris.omr.score.PartwiseBuilder.processPart(PartwiseBuilder.java:2678)
	at org.audiveris.omr.score.PartwiseBuilder.processSystem(PartwiseBuilder.java:3223)
	at org.audiveris.omr.score.PartwiseBuilder.processLogicalPart(PartwiseBuilder.java:1875)
	at org.audiveris.omr.score.PartwiseBuilder.processStub(PartwiseBuilder.java:3174)
	at org.audiveris.omr.score.PartwiseBuilder.processPartList(PartwiseBuilder.java:2710)
	at org.audiveris.omr.score.PartwiseBuilder.processScore(PartwiseBuilder.java:2985)
	at org.audiveris.omr.score.PartwiseBuilder.build(PartwiseBuilder.java:3543)
	at org.audiveris.omr.score.ScoreExporter.export(ScoreExporter.java:122)
	at org.audiveris.omr.score.ScoreExporter.export(ScoreExporter.java:163)
	at org.audiveris.omr.sheet.Book.export(Book.java:630)
	at org.audiveris.omr.CLI$ProcessingTask.processBook(CLI.java:927)
	at org.audiveris.omr.CLI$CliTask.call(CLI.java:513)
	at org.audiveris.omr.Main.runBatchTasks(Main.java:370)
	at org.audiveris.omr.Main.main(Main.java:272)
	at Audiveris.main(Audiveris.java:50)
2026-07-16 18:02:15,044 WARN [doc_6824e9b852a1_BlueBossa]      PartwiseBuilder.java:532  | Error checking octave-shift RIGHT side on HeadChordInter#1610{(0.935/0.935) staff:3 slot#3 off:7/8 dur:1/8}
java.lang.IllegalArgumentException: no such vertex in graph: HeadChordInter#1610{(0.935/0.935) staff:3 slot#3 off:7/8 dur:1/8}
	at org.jgrapht.graph.AbstractGraph.assertVertexExist(AbstractGraph.java:130)
	at org.jgrapht.graph.AbstractBaseGraph.edgesOf(AbstractBaseGraph.java:438)
	at org.jgrapht.graph.GraphDelegator.edgesOf(GraphDelegator.java:230)
	at org.audiveris.omr.sig.SIGraph.getRelations(SIGraph.java:753)
	at org.audiveris.omr.score.PartwiseBuilder.checkOctaveShift(PartwiseBuilder.java:475)
	at org.audiveris.omr.score.PartwiseBuilder.processChord(PartwiseBuilder.java:1396)
	at org.audiveris.omr.score.PartwiseBuilder.processMeasure(PartwiseBuilder.java:2136)
	at org.audiveris.omr.score.PartwiseBuilder.processMeasure(PartwiseBuilder.java:2215)
	at org.audiveris.omr.score.PartwiseBuilder.processPart(PartwiseBuilder.java:2678)
	at org.audiveris.omr.score.PartwiseBuilder.processSystem(PartwiseBuilder.java:3223)
	at org.audiveris.omr.score.PartwiseBuilder.processLogicalPart(PartwiseBuilder.java:1875)
	at org.audiveris.omr.score.PartwiseBuilder.processStub(PartwiseBuilder.java:3174)
	at org.audiveris.omr.score.PartwiseBuilder.processPartList(PartwiseBuilder.java:2710)
	at org.audiveris.omr.score.PartwiseBuilder.processScore(PartwiseBuilder.java:2985)
	at org.audiveris.omr.score.PartwiseBuilder.build(PartwiseBuilder.java:3543)
	at org.audiveris.omr.score.ScoreExporter.export(ScoreExporter.java:122)
	at org.audiveris.omr.score.ScoreExporter.export(ScoreExporter.java:163)
	at org.audiveris.omr.sheet.Book.export(Book.java:630)
	at org.audiveris.omr.CLI$ProcessingTask.processBook(CLI.java:927)
	at org.audiveris.omr.CLI$CliTask.call(CLI.java:513)
	at org.audiveris.omr.Main.runBatchTasks(Main.java:370)
	at org.audiveris.omr.Main.main(Main.java:272)
	at Audiveris.main(Audiveris.java:50)
2026-07-16 18:02:15,053 WARN [doc_6824e9b852a1_BlueBossa]      PartwiseBuilder.java:532  | Error checking octave-shift LEFT side on HeadChordInter#1620{(0.923/0.923) staff:5 slot#1 off:0 dur:3/8}
java.lang.IllegalArgumentException: no such vertex in graph: HeadChordInter#1620{(0.923/0.923) staff:5 slot#1 off:0 dur:3/8}
	at org.jgrapht.graph.AbstractGraph.assertVertexExist(AbstractGraph.java:130)
	at org.jgrapht.graph.AbstractBaseGraph.edgesOf(AbstractBaseGraph.java:438)
	at org.jgrapht.graph.GraphDelegator.edgesOf(GraphDelegator.java:230)
	at org.audiveris.omr.sig.SIGraph.getRelations(SIGraph.java:753)
	at org.audiveris.omr.score.PartwiseBuilder.checkOctaveShift(PartwiseBuilder.java:475)
	at org.audiveris.omr.score.PartwiseBuilder.processChord(PartwiseBuilder.java:1390)
	at org.audiveris.omr.score.PartwiseBuilder.processMeasure(PartwiseBuilder.java:2136)
	at org.audiveris.omr.score.PartwiseBuilder.processMeasure(PartwiseBuilder.java:2215)
	at org.audiveris.omr.score.PartwiseBuilder.processPart(PartwiseBuilder.java:2678)
	at org.audiveris.omr.score.PartwiseBuilder.processSystem(PartwiseBuilder.java:3223)
	at org.audiveris.omr.score.PartwiseBuilder.processLogicalPart(PartwiseBuilder.java:1875)
	at org.audiveris.omr.score.PartwiseBuilder.processStub(PartwiseBuilder.java:3174)
	at org.audiveris.omr.score.PartwiseBuilder.processPartList(PartwiseBuilder.java:2710)
	at org.audiveris.omr.score.PartwiseBuilder.processScore(PartwiseBuilder.java:2985)
	at org.audiveris.omr.score.PartwiseBuilder.build(PartwiseBuilder.java:3543)
	at org.audiveris.omr.score.ScoreExporter.export(ScoreExporter.java:122)
	at org.audiveris.omr.score.ScoreExporter.export(ScoreExporter.java:163)
	at org.audiveris.omr.sheet.Book.export(Book.java:630)
	at org.audiveris.omr.CLI$ProcessingTask.processBook(CLI.java:927)
	at org.audiveris.omr.CLI$CliTask.call(CLI.java:513)
	at org.audiveris.omr.Main.runBatchTasks(Main.java:370)
	at org.audiveris.omr.Main.main(Main.java:272)
	at Audiveris.main(Audiveris.java:50)
2026-07-16 18:02:15,055 WARN [doc_6824e9b852a1_BlueBossa]      PartwiseBuilder.java:532  | Error checking octave-shift RIGHT side on HeadChordInter#1620{(0.923/0.923) staff:5 slot#1 off:0 dur:3/8}
java.lang.IllegalArgumentException: no such vertex in graph: HeadChordInter#1620{(0.923/0.923) staff:5 slot#1 off:0 dur:3/8}
	at org.jgrapht.graph.AbstractGraph.assertVertexExist(AbstractGraph.java:130)
	at org.jgrapht.graph.AbstractBaseGraph.edgesOf(AbstractBaseGraph.java:438)
	at org.jgrapht.graph.GraphDelegator.edgesOf(GraphDelegator.java:230)
	at org.audiveris.omr.sig.SIGraph.getRelations(SIGraph.java:753)
	at org.audiveris.omr.score.PartwiseBuilder.checkOctaveShift(PartwiseBuilder.java:475)
	at org.audiveris.omr.score.PartwiseBuilder.processChord(PartwiseBuilder.java:1396)
	at org.audiveris.omr.score.PartwiseBuilder.processMeasure(PartwiseBuilder.java:2136)
	at org.audiveris.omr.score.PartwiseBuilder.processMeasure(PartwiseBuilder.java:2215)
	at org.audiveris.omr.score.PartwiseBuilder.processPart(PartwiseBuilder.java:2678)
	at org.audiveris.omr.score.PartwiseBuilder.processSystem(PartwiseBuilder.java:3223)
	at org.audiveris.omr.score.PartwiseBuilder.processLogicalPart(PartwiseBuilder.java:1875)
	at org.audiveris.omr.score.PartwiseBuilder.processStub(PartwiseBuilder.java:3174)
	at org.audiveris.omr.score.PartwiseBuilder.processPartList(PartwiseBuilder.java:2710)
	at org.audiveris.omr.score.PartwiseBuilder.processScore(PartwiseBuilder.java:2985)
	at org.audiveris.omr.score.PartwiseBuilder.build(PartwiseBuilder.java:3543)
	at org.audiveris.omr.score.ScoreExporter.export(ScoreExporter.java:122)
	at org.audiveris.omr.score.ScoreExporter.export(ScoreExporter.java:163)
	at org.audiveris.omr.sheet.Book.export(Book.java:630)
	at org.audiveris.omr.CLI$ProcessingTask.processBook(CLI.java:927)
	at org.audiveris.omr.CLI$CliTask.call(CLI.java:513)
	at org.audiveris.omr.Main.runBatchTasks(Main.java:370)
	at org.audiveris.omr.Main.main(Main.java:272)
	at Audiveris.main(Audiveris.java:50)
2026-07-16 18:02:15,056 WARN [doc_6824e9b852a1_BlueBossa]      PartwiseBuilder.java:532  | Error checking octave-shift LEFT side on HeadChordInter#1621{(0.943/0.943) staff:5 slot#2 off:3/8 dur:1/8}
java.lang.IllegalArgumentException: no such vertex in graph: HeadChordInter#1621{(0.943/0.943) staff:5 slot#2 off:3/8 dur:1/8}
	at org.jgrapht.graph.AbstractGraph.assertVertexExist(AbstractGraph.java:130)
	at org.jgrapht.graph.AbstractBaseGraph.edgesOf(AbstractBaseGraph.java:438)
	at org.jgrapht.graph.GraphDelegator.edgesOf(GraphDelegator.java:230)
	at org.audiveris.omr.sig.SIGraph.getRelations(SIGraph.java:753)
	at org.audiveris.omr.score.PartwiseBuilder.checkOctaveShift(PartwiseBuilder.java:475)
	at org.audiveris.omr.score.PartwiseBuilder.processChord(PartwiseBuilder.java:1390)
	at org.audiveris.omr.score.PartwiseBuilder.processMeasure(PartwiseBuilder.java:2136)
	at org.audiveris.omr.score.PartwiseBuilder.processMeasure(PartwiseBuilder.java:2215)
	at org.audiveris.omr.score.PartwiseBuilder.processPart(PartwiseBuilder.java:2678)
	at org.audiveris.omr.score.PartwiseBuilder.processSystem(PartwiseBuilder.java:3223)
	at org.audiveris.omr.score.PartwiseBuilder.processLogicalPart(PartwiseBuilder.java:1875)
	at org.audiveris.omr.score.PartwiseBuilder.processStub(PartwiseBuilder.java:3174)
	at org.audiveris.omr.score.PartwiseBuilder.processPartList(PartwiseBuilder.java:2710)
	at org.audiveris.omr.score.PartwiseBuilder.processScore(PartwiseBuilder.java:2985)
	at org.audiveris.omr.score.PartwiseBuilder.build(PartwiseBuilder.java:3543)
	at org.audiveris.omr.score.ScoreExporter.export(ScoreExporter.java:122)
	at org.audiveris.omr.score.ScoreExporter.export(ScoreExporter.java:163)
	at org.audiveris.omr.sheet.Book.export(Book.java:630)
	at org.audiveris.omr.CLI$ProcessingTask.processBook(CLI.java:927)
	at org.audiveris.omr.CLI$CliTask.call(CLI.java:513)
	at org.audiveris.omr.Main.runBatchTasks(Main.java:370)
	at org.audiveris.omr.Main.main(Main.java:272)
	at Audiveris.main(Audiveris.java:50)
2026-07-16 18:02:15,057 WARN [doc_6824e9b852a1_BlueBossa]      PartwiseBuilder.java:532  | Error checking octave-shift RIGHT side on HeadChordInter#1621{(0.943/0.943) staff:5 slot#2 off:3/8 dur:1/8}
java.lang.IllegalArgumentException: no such vertex in graph: HeadChordInter#1621{(0.943/0.943) staff:5 slot#2 off:3/8 dur:1/8}
	at org.jgrapht.graph.AbstractGraph.assertVertexExist(AbstractGraph.java:130)
	at org.jgrapht.graph.AbstractBaseGraph.edgesOf(AbstractBaseGraph.java:438)
	at org.jgrapht.graph.GraphDelegator.edgesOf(GraphDelegator.java:230)
	at org.audiveris.omr.sig.SIGraph.getRelations(SIGraph.java:753)
	at org.audiveris.omr.score.PartwiseBuilder.checkOctaveShift(PartwiseBuilder.java:475)
	at org.audiveris.omr.score.PartwiseBuilder.processChord(PartwiseBuilder.java:1396)
	at org.audiveris.omr.score.PartwiseBuilder.processMeasure(PartwiseBuilder.java:2136)
	at org.audiveris.omr.score.PartwiseBuilder.processMeasure(PartwiseBuilder.java:2215)
	at org.audiveris.omr.score.PartwiseBuilder.processPart(PartwiseBuilder.java:2678)
	at org.audiveris.omr.score.PartwiseBuilder.processSystem(PartwiseBuilder.java:3223)
	at org.audiveris.omr.score.PartwiseBuilder.processLogicalPart(PartwiseBuilder.java:1875)
	at org.audiveris.omr.score.PartwiseBuilder.processStub(PartwiseBuilder.java:3174)
	at org.audiveris.omr.score.PartwiseBuilder.processPartList(PartwiseBuilder.java:2710)
	at org.audiveris.omr.score.PartwiseBuilder.processScore(PartwiseBuilder.java:2985)
	at org.audiveris.omr.score.PartwiseBuilder.build(PartwiseBuilder.java:3543)
	at org.audiveris.omr.score.ScoreExporter.export(ScoreExporter.java:122)
	at org.audiveris.omr.score.ScoreExporter.export(ScoreExporter.java:163)
	at org.audiveris.omr.sheet.Book.export(Book.java:630)
	at org.audiveris.omr.CLI$ProcessingTask.processBook(CLI.java:927)
	at org.audiveris.omr.CLI$CliTask.call(CLI.java:513)
	at org.audiveris.omr.Main.runBatchTasks(Main.java:370)
	at org.audiveris.omr.Main.main(Main.java:272)
	at Audiveris.main(Audiveris.java:50)
2026-07-16 18:02:15,057 WARN [doc_6824e9b852a1_BlueBossa]      PartwiseBuilder.java:532  | Error checking octave-shift LEFT side on HeadChordInter#1622{(0.944/0.944) staff:5 slot#3 off:1/2 dur:3/8}
java.lang.IllegalArgumentException: no such vertex in graph: HeadChordInter#1622{(0.944/0.944) staff:5 slot#3 off:1/2 dur:3/8}
	at org.jgrapht.graph.AbstractGraph.assertVertexExist(AbstractGraph.java:130)
	at org.jgrapht.graph.AbstractBaseGraph.edgesOf(AbstractBaseGraph.java:438)
	at org.jgrapht.graph.GraphDelegator.edgesOf(GraphDelegator.java:230)
	at org.audiveris.omr.sig.SIGraph.getRelations(SIGraph.java:753)
	at org.audiveris.omr.score.PartwiseBuilder.checkOctaveShift(PartwiseBuilder.java:475)
	at org.audiveris.omr.score.PartwiseBuilder.processChord(PartwiseBuilder.java:1390)
	at org.audiveris.omr.score.PartwiseBuilder.processMeasure(PartwiseBuilder.java:2136)
	at org.audiveris.omr.score.PartwiseBuilder.processMeasure(PartwiseBuilder.java:2215)
	at org.audiveris.omr.score.PartwiseBuilder.processPart(PartwiseBuilder.java:2678)
	at org.audiveris.omr.score.PartwiseBuilder.processSystem(PartwiseBuilder.java:3223)
	at org.audiveris.omr.score.PartwiseBuilder.processLogicalPart(PartwiseBuilder.java:1875)
	at org.audiveris.omr.score.PartwiseBuilder.processStub(PartwiseBuilder.java:3174)
	at org.audiveris.omr.score.PartwiseBuilder.processPartList(PartwiseBuilder.java:2710)
	at org.audiveris.omr.score.PartwiseBuilder.processScore(PartwiseBuilder.java:2985)
	at org.audiveris.omr.score.PartwiseBuilder.build(PartwiseBuilder.java:3543)
	at org.audiveris.omr.score.ScoreExporter.export(ScoreExporter.java:122)
	at org.audiveris.omr.score.ScoreExporter.export(ScoreExporter.java:163)
	at org.audiveris.omr.sheet.Book.export(Book.java:630)
	at org.audiveris.omr.CLI$ProcessingTask.processBook(CLI.java:927)
	at org.audiveris.omr.CLI$CliTask.call(CLI.java:513)
	at org.audiveris.omr.Main.runBatchTasks(Main.java:370)
	at org.audiveris.omr.Main.main(Main.java:272)
	at Audiveris.main(Audiveris.java:50)
2026-07-16 18:02:15,058 WARN [doc_6824e9b852a1_BlueBossa]      PartwiseBuilder.java:532  | Error checking octave-shift RIGHT side on HeadChordInter#1622{(0.944/0.944) staff:5 slot#3 off:1/2 dur:3/8}
java.lang.IllegalArgumentException: no such vertex in graph: HeadChordInter#1622{(0.944/0.944) staff:5 slot#3 off:1/2 dur:3/8}
	at org.jgrapht.graph.AbstractGraph.assertVertexExist(AbstractGraph.java:130)
	at org.jgrapht.graph.AbstractBaseGraph.edgesOf(AbstractBaseGraph.java:438)
	at org.jgrapht.graph.GraphDelegator.edgesOf(GraphDelegator.java:230)
	at org.audiveris.omr.sig.SIGraph.getRelations(SIGraph.java:753)
	at org.audiveris.omr.score.PartwiseBuilder.checkOctaveShift(PartwiseBuilder.java:475)
	at org.audiveris.omr.score.PartwiseBuilder.processChord(PartwiseBuilder.java:1396)
	at org.audiveris.omr.score.PartwiseBuilder.processMeasure(PartwiseBuilder.java:2136)
	at org.audiveris.omr.score.PartwiseBuilder.processMeasure(PartwiseBuilder.java:2215)
	at org.audiveris.omr.score.PartwiseBuilder.processPart(PartwiseBuilder.java:2678)
	at org.audiveris.omr.score.PartwiseBuilder.processSystem(PartwiseBuilder.java:3223)
	at org.audiveris.omr.score.PartwiseBuilder.processLogicalPart(PartwiseBuilder.java:1875)
	at org.audiveris.omr.score.PartwiseBuilder.processStub(PartwiseBuilder.java:3174)
	at org.audiveris.omr.score.PartwiseBuilder.processPartList(PartwiseBuilder.java:2710)
	at org.audiveris.omr.score.PartwiseBuilder.processScore(PartwiseBuilder.java:2985)
	at org.audiveris.omr.score.PartwiseBuilder.build(PartwiseBuilder.java:3543)
	at org.audiveris.omr.score.ScoreExporter.export(ScoreExporter.java:122)
	at org.audiveris.omr.score.ScoreExporter.export(ScoreExporter.java:163)
	at org.audiveris.omr.sheet.Book.export(Book.java:630)
	at org.audiveris.omr.CLI$ProcessingTask.processBook(CLI.java:927)
	at org.audiveris.omr.CLI$CliTask.call(CLI.java:513)
	at org.audiveris.omr.Main.runBatchTasks(Main.java:370)
	at org.audiveris.omr.Main.main(Main.java:272)
	at Audiveris.main(Audiveris.java:50)
2026-07-16 18:02:15,059 WARN [doc_6824e9b852a1_BlueBossa]      PartwiseBuilder.java:532  | Error checking octave-shift LEFT side on HeadChordInter#1623{(0.936/0.936) staff:5 slot#4 off:7/8 dur:1/8}
java.lang.IllegalArgumentException: no such vertex in graph: HeadChordInter#1623{(0.936/0.936) staff:5 slot#4 off:7/8 dur:1/8}
	at org.jgrapht.graph.AbstractGraph.assertVertexExist(AbstractGraph.java:130)
	at org.jgrapht.graph.AbstractBaseGraph.edgesOf(AbstractBaseGraph.java:438)
	at org.jgrapht.graph.GraphDelegator.edgesOf(GraphDelegator.java:230)
	at org.audiveris.omr.sig.SIGraph.getRelations(SIGraph.java:753)
	at org.audiveris.omr.score.PartwiseBuilder.checkOctaveShift(PartwiseBuilder.java:475)
	at org.audiveris.omr.score.PartwiseBuilder.processChord(PartwiseBuilder.java:1390)
	at org.audiveris.omr.score.PartwiseBuilder.processMeasure(PartwiseBuilder.java:2136)
	at org.audiveris.omr.score.PartwiseBuilder.processMeasure(PartwiseBuilder.java:2215)
	at org.audiveris.omr.score.PartwiseBuilder.processPart(PartwiseBuilder.java:2678)
	at org.audiveris.omr.score.PartwiseBuilder.processSystem(PartwiseBuilder.java:3223)
	at org.audiveris.omr.score.PartwiseBuilder.processLogicalPart(PartwiseBuilder.java:1875)
	at org.audiveris.omr.score.PartwiseBuilder.processStub(PartwiseBuilder.java:3174)
	at org.audiveris.omr.score.PartwiseBuilder.processPartList(PartwiseBuilder.java:2710)
	at org.audiveris.omr.score.PartwiseBuilder.processScore(PartwiseBuilder.java:2985)
	at org.audiveris.omr.score.PartwiseBuilder.build(PartwiseBuilder.java:3543)
	at org.audiveris.omr.score.ScoreExporter.export(ScoreExporter.java:122)
	at org.audiveris.omr.score.ScoreExporter.export(ScoreExporter.java:163)
	at org.audiveris.omr.sheet.Book.export(Book.java:630)
	at org.audiveris.omr.CLI$ProcessingTask.processBook(CLI.java:927)
	at org.audiveris.omr.CLI$CliTask.call(CLI.java:513)
	at org.audiveris.omr.Main.runBatchTasks(Main.java:370)
	at org.audiveris.omr.Main.main(Main.java:272)
	at Audiveris.main(Audiveris.java:50)
2026-07-16 18:02:15,060 WARN [doc_6824e9b852a1_BlueBossa]      PartwiseBuilder.java:532  | Error checking octave-shift RIGHT side on HeadChordInter#1623{(0.936/0.936) staff:5 slot#4 off:7/8 dur:1/8}
java.lang.IllegalArgumentException: no such vertex in graph: HeadChordInter#1623{(0.936/0.936) staff:5 slot#4 off:7/8 dur:1/8}
	at org.jgrapht.graph.AbstractGraph.assertVertexExist(AbstractGraph.java:130)
	at org.jgrapht.graph.AbstractBaseGraph.edgesOf(AbstractBaseGraph.java:438)
	at org.jgrapht.graph.GraphDelegator.edgesOf(GraphDelegator.java:230)
	at org.audiveris.omr.sig.SIGraph.getRelations(SIGraph.java:753)
	at org.audiveris.omr.score.PartwiseBuilder.checkOctaveShift(PartwiseBuilder.java:475)
	at org.audiveris.omr.score.PartwiseBuilder.processChord(PartwiseBuilder.java:1396)
	at org.audiveris.omr.score.PartwiseBuilder.processMeasure(PartwiseBuilder.java:2136)
	at org.audiveris.omr.score.PartwiseBuilder.processMeasure(PartwiseBuilder.java:2215)
	at org.audiveris.omr.score.PartwiseBuilder.processPart(PartwiseBuilder.java:2678)
	at org.audiveris.omr.score.PartwiseBuilder.processSystem(PartwiseBuilder.java:3223)
	at org.audiveris.omr.score.PartwiseBuilder.processLogicalPart(PartwiseBuilder.java:1875)
	at org.audiveris.omr.score.PartwiseBuilder.processStub(PartwiseBuilder.java:3174)
	at org.audiveris.omr.score.PartwiseBuilder.processPartList(PartwiseBuilder.java:2710)
	at org.audiveris.omr.score.PartwiseBuilder.processScore(PartwiseBuilder.java:2985)
	at org.audiveris.omr.score.PartwiseBuilder.build(PartwiseBuilder.java:3543)
	at org.audiveris.omr.score.ScoreExporter.export(ScoreExporter.java:122)
	at org.audiveris.omr.score.ScoreExporter.export(ScoreExporter.java:163)
	at org.audiveris.omr.sheet.Book.export(Book.java:630)
	at org.audiveris.omr.CLI$ProcessingTask.processBook(CLI.java:927)
	at org.audiveris.omr.CLI$CliTask.call(CLI.java:513)
	at org.audiveris.omr.Main.runBatchTasks(Main.java:370)
	at org.audiveris.omr.Main.main(Main.java:272)
	at Audiveris.main(Audiveris.java:50)
2026-07-16 18:02:15,219 INFO [doc_6824e9b852a1_BlueBossa]        ScoreExporter.java:164  | Score doc_6824e9b852a1_BlueBossa exported to /home/flautisc0/athamu_workspace/bluebossa_omr_out/doc_6824e9b852a1_BlueBossa.mxl
2026-07-16 18:02:15,290 INFO [doc_6824e9b852a1_BlueBossa]                Score.java:181  | Closing {Score 1}
